 KiwiNativeCamera

 Timestamp is 6a9386aa (Sun Aug 30 10:26:02 2026)

 Preferred load address is 0000000180000000

 Start         Length     Name                   Class
 0001:00000000 000044a0H .text$di                CODE
 0001:000044a0 0003efe0H .text$mn                CODE
 0001:00043480 00001040H .text$mn$00             CODE
 0001:000444c0 00001430H .text$x                 CODE
 0001:000458f0 00001529H .text$yd                CODE
 0002:00000000 00000110H .CRT$XCA                DATA
 0002:00000110 000001e0H .CRT$XCU                DATA
 0002:000002f0 00000110H .CRT$XCZ                DATA
 0002:00000400 00000110H .CRT$XIA                DATA
 0002:00000510 00000110H .CRT$XIZ                DATA
 0002:00000620 00000008H .CRT$XLA                DATA
 0002:00000628 00000008H .CRT$XLZ                DATA
 0002:00000630 00000110H .CRT$XPA                DATA
 0002:00000740 00000110H .CRT$XPZ                DATA
 0002:00000850 00000110H .CRT$XTA                DATA
 0002:00000960 00000120H .CRT$XTZ                DATA
 0002:00000a80 00011600H .rdata                  DATA
 0002:00012080 00000200H .rdata$CastGuardVftablesA DATA
 0002:00012280 000001a0H .rdata$CastGuardVftablesC DATA
 0002:00012420 00000130H .rdata$T                DATA
 0002:00012550 000004a8H .rdata$r                DATA
 0002:000129f8 00000198H .rdata$zzzdbg           DATA
 0002:00012b90 00000110H .rtc$IAA                DATA
 0002:00012ca0 00000110H .rtc$IZZ                DATA
 0002:00012db0 00000110H .rtc$TAA                DATA
 0002:00012ec0 00000110H .rtc$TZZ                DATA
 0002:00012fd0 000058d0H .xdata                  DATA
 0002:000188a0 00000210H .xdata$x                DATA
 0002:00018ab0 000011beH .edata                  DATA
 0003:00000000 00000360H .data                   DATA
 0003:00000360 00000198H .data$r                 DATA
 0003:000004f8 000001d8H .data$rs                DATA
 0003:000006d0 00000cd9H .bss                    DATA
 0004:00000000 00002b98H .pdata                  DATA
 0005:00000000 000007f0H .idata$5                DATA
 0005:000007f0 0000012cH .idata$2                DATA
 0005:0000091c 00000014H .idata$3                DATA
 0005:00000930 000007f0H .idata$4                DATA
 0005:00001120 00000914H .idata$6                DATA
 0006:00000000 00000104H .tls                    DATA
 0006:00000104 00000104H .tls$                   DATA
 0006:00000208 00000101H .tls$ZZZ                DATA
 0007:00000000 00000175H .00cfg                  DATA

  Address         Publics by Value              Rva+Base               Lib:Object

 0000:00000000       __AbsoluteZero             0000000000000000     <absolute>
 0000:00000000       ___safe_se_handler_count   0000000000000000     <absolute>
 0000:00000000       ___safe_se_handler_table   0000000000000000     <absolute>
 0000:00000000       __arm64x_extra_rfe_table   0000000000000000     <absolute>
 0000:00000000       __arm64x_extra_rfe_table_size 0000000000000000     <absolute>
 0000:00000000       __arm64x_native_entrypoint 0000000000000000     <absolute>
 0000:00000000       __arm64x_redirection_metadata 0000000000000000     <absolute>
 0000:00000000       __arm64x_redirection_metadata_count 0000000000000000     <absolute>
 0000:00000000       __dynamic_value_reloc_table 0000000000000000     <absolute>
 0000:00000000       __enclave_config           0000000000000000     <absolute>
 0000:00000000       __guard_check_icall_a64n_fptr 0000000000000000     <absolute>
 0000:00000000       __guard_eh_cont_count      0000000000000000     <absolute>
 0000:00000000       __guard_eh_cont_table      0000000000000000     <absolute>
 0000:00000000       __guard_fids_count         0000000000000000     <absolute>
 0000:00000000       __guard_fids_table         0000000000000000     <absolute>
 0000:00000000       __guard_iat_count          0000000000000000     <absolute>
 0000:00000000       __guard_iat_table          0000000000000000     <absolute>
 0000:00000000       __guard_longjmp_count      0000000000000000     <absolute>
 0000:00000000       __guard_longjmp_table      0000000000000000     <absolute>
 0000:00000000       __hybrid_auxiliary_delayload_iat 0000000000000000     <absolute>
 0000:00000000       __hybrid_auxiliary_delayload_iat_copy 0000000000000000     <absolute>
 0000:00000000       __hybrid_auxiliary_iat     0000000000000000     <absolute>
 0000:00000000       __hybrid_auxiliary_iat_copy 0000000000000000     <absolute>
 0000:00000000       __hybrid_code_map          0000000000000000     <absolute>
 0000:00000000       __hybrid_code_map_count    0000000000000000     <absolute>
 0000:00000000       __hybrid_image_info_bitfield 0000000000000000     <absolute>
 0000:00000000       __volatile_metadata        0000000000000000     <absolute>
 0000:00000000       __x64_code_ranges_to_entry_points 0000000000000000     <absolute>
 0000:00000000       __x64_code_ranges_to_entry_points_count 0000000000000000     <absolute>
 0000:00000100       __guard_flags              0000000000000100     <absolute>
 0000:00000000       __ImageBase                0000000180000000     <linker-defined>
 0001:000044a0       !=                         00000001800054a0 f i KiwiNativeCameraPlugin.obj
 0001:000044c0       ==                         00000001800054c0 f i KiwiNativeCameraPlugin.obj
 0001:000044e0       ??$?0$$V@?$_Compressed_pair@V?$allocator@D@std@@V?$_String_val@U?$_Simple_types@D@std@@@2@$00@std@@QEAA@U_Zero_then_variadic_args_t@1@@Z 00000001800054e0 f i KiwiNativeCameraPlugin.obj
 0001:00004500       ??$?0$$V@?$_Compressed_pair@V?$allocator@E@std@@V?$_Vector_val@U?$_Simple_types@E@std@@@2@$00@std@@QEAA@U_Zero_then_variadic_args_t@1@@Z 0000000180005500 f i KiwiNativeCameraPlugin.obj
 0001:00004520       ??$?0$$V@?$_Compressed_pair@V?$allocator@V?$ComPtr@UIMFActivate@@@WRL@Microsoft@@@std@@V?$_Vector_val@U?$_Simple_types@V?$ComPtr@UIMFActivate@@@WRL@Microsoft@@@std@@@2@$00@std@@QEAA@U_Zero_then_variadic_args_t@1@@Z 0000000180005520 f i KiwiNativeCameraPlugin.obj
 0001:00004540       ??$?0$$V@?$_Compressed_pair@V?$allocator@V?$basic_string@_WU?$char_traits@_W@std@@V?$allocator@_W@2@@std@@@std@@V?$_Vector_val@U?$_Simple_types@V?$basic_string@_WU?$char_traits@_W@std@@V?$allocator@_W@2@@std@@@std@@@2@$00@std@@QEAA@U_Zero_then_variadic_args_t@1@@Z 0000000180005540 f i KiwiNativeCameraPlugin.obj
 0001:00004560       ??$?0$$V@?$_Compressed_pair@V?$allocator@_W@std@@V?$_String_val@U?$_Simple_types@_W@std@@@2@$00@std@@QEAA@U_Zero_then_variadic_args_t@1@@Z 0000000180005560 f i KiwiNativeCameraPlugin.obj
 0001:00004580       ??$?0A6AXXZ$$V$0A@@thread@std@@QEAA@A6AXXZ@Z 0000000180005580 f i KiwiNativeCameraPlugin.obj
 0001:00004610       ??$?0AEAPEAV?$tuple@P6AXXZ@std@@@?$_Compressed_pair@U?$default_delete@V?$tuple@P6AXXZ@std@@@std@@PEAV?$tuple@P6AXXZ@2@$00@std@@QEAA@U_Zero_then_variadic_args_t@1@AEAPEAV?$tuple@P6AXXZ@1@@Z 0000000180005610 f i KiwiNativeCameraPlugin.obj
 0001:00004620       ??$?0AEBQ6AXXZ@?$_Tuple_val@P6AXXZ@std@@QEAA@AEBQ6AXXZ@Z 0000000180005620 f i KiwiNativeCameraPlugin.obj
 0001:00004630       ??$?0P6AXXZ$0A@@?$tuple@P6AXXZ@std@@QEAA@AEBQ6AXXZ@Z 0000000180005630 f i KiwiNativeCameraPlugin.obj
 0001:00004640       ??$?0U?$default_delete@V?$tuple@P6AXXZ@std@@@std@@$0A@@?$unique_ptr@V?$tuple@P6AXXZ@std@@U?$default_delete@V?$tuple@P6AXXZ@std@@@2@@std@@QEAA@PEAV?$tuple@P6AXXZ@1@@Z 0000000180005640 f i KiwiNativeCameraPlugin.obj
 0001:00004650       ??$?0UID3D12Device@@@?$ComPtr@UID3D12Device@@@WRL@Microsoft@@QEAA@PEAUID3D12Device@@@Z 0000000180005650 f i KiwiNativeCameraPlugin.obj
 0001:00004680       ??$?0UID3D12Fence@@@?$ComPtr@UID3D12Fence@@@WRL@Microsoft@@QEAA@PEAUID3D12Fence@@@Z 0000000180005680 f i KiwiNativeCameraPlugin.obj
 0001:000046b0       ??$?0UIMFSourceReader@@@?$ComPtr@UIMFSourceReader@@@WRL@Microsoft@@QEAA@PEAUIMFSourceReader@@@Z 00000001800056b0 f i KiwiNativeCameraPlugin.obj
 0001:000046e0       ??$?0U_Exact_args_t@std@@$0A@@?$tuple@$$V@std@@QEAA@U_Exact_args_t@1@@Z 00000001800056e0 f i KiwiNativeCameraPlugin.obj
 0001:000046f0       ??$?0U_Exact_args_t@std@@AEBQ6AXXZ$$V$0A@@?$tuple@P6AXXZ@std@@QEAA@U_Exact_args_t@1@AEBQ6AXXZ@Z 00000001800056f0 f i KiwiNativeCameraPlugin.obj
 0001:00004700       ??$?0V?$allocator@D@std@@$$V@?$_Compressed_pair@V?$allocator@D@std@@V?$_String_val@U?$_Simple_types@D@std@@@2@$00@std@@QEAA@U_One_then_variadic_args_t@1@$$QEAV?$allocator@D@1@@Z 0000000180005700 f i KiwiNativeCameraPlugin.obj
 0001:00004720       ??$?0V?$allocator@_W@std@@$$V@?$_Compressed_pair@V?$allocator@_W@std@@V?$_String_val@U?$_Simple_types@_W@std@@@2@$00@std@@QEAA@U_One_then_variadic_args_t@1@$$QEAV?$allocator@_W@1@@Z 0000000180005720 f i KiwiNativeCameraPlugin.obj
 0001:00004740       ??$As@UID3D10Multithread@@@?$ComPtr@UID3D11DeviceContext@@@WRL@Microsoft@@QEBAJV?$ComPtrRef@V?$ComPtr@UID3D10Multithread@@@WRL@Microsoft@@@Details@12@@Z 0000000180005740 f i KiwiNativeCameraPlugin.obj
 0001:000047b0       ??$As@UID3D11Device1@@@?$ComPtr@UID3D11Device@@@WRL@Microsoft@@QEBAJV?$ComPtrRef@V?$ComPtr@UID3D11Device1@@@WRL@Microsoft@@@Details@12@@Z 00000001800057b0 f i KiwiNativeCameraPlugin.obj
 0001:00004820       ??$As@UID3D11Device5@@@?$ComPtr@UID3D11Device@@@WRL@Microsoft@@QEBAJV?$ComPtrRef@V?$ComPtr@UID3D11Device5@@@WRL@Microsoft@@@Details@12@@Z 0000000180005820 f i KiwiNativeCameraPlugin.obj
 0001:00004890       ??$As@UID3D11DeviceContext4@@@?$ComPtr@UID3D11DeviceContext@@@WRL@Microsoft@@QEBAJV?$ComPtrRef@V?$ComPtr@UID3D11DeviceContext4@@@WRL@Microsoft@@@Details@12@@Z 0000000180005890 f i KiwiNativeCameraPlugin.obj
 0001:00004900       ??$As@UID3D12CompatibilityDevice@@@?$ComPtr@UID3D12Device@@@WRL@Microsoft@@QEBAJV?$ComPtrRef@V?$ComPtr@UID3D12CompatibilityDevice@@@WRL@Microsoft@@@Details@12@@Z 0000000180005900 f i KiwiNativeCameraPlugin.obj
 0001:00004970       ??$As@UIMFSourceReaderEx@@@?$ComPtr@UIMFSourceReader@@@WRL@Microsoft@@QEBAJV?$ComPtrRef@V?$ComPtr@UIMFSourceReaderEx@@@WRL@Microsoft@@@Details@12@@Z 0000000180005970 f i KiwiNativeCameraPlugin.obj
 0001:000049e0       ??$Get@UIUnityGraphics@@@IUnityInterfaces@@QEAAPEAUIUnityGraphics@@XZ 00000001800059e0 f i KiwiNativeCameraPlugin.obj
 0001:00004a20       ??$Get@UIUnityGraphicsD3D12v6@@@IUnityInterfaces@@QEAAPEAUIUnityGraphicsD3D12v6@@XZ 0000000180005a20 f i KiwiNativeCameraPlugin.obj
 0001:00004a60       ??$GetUnityInterfaceGUID@UIUnityGraphics@@@@YA?BUUnityInterfaceGUID@@XZ 0000000180005a60 f i KiwiNativeCameraPlugin.obj
 0001:00004a90       ??$GetUnityInterfaceGUID@UIUnityGraphicsD3D12v6@@@@YA?BUUnityInterfaceGUID@@XZ 0000000180005a90 f i KiwiNativeCameraPlugin.obj
 0001:00004ac0       ??$IID_PPV_ARGS_Helper@UIMFMediaSource@@@@YAPEAPEAXPEAPEAUIMFMediaSource@@@Z 0000000180005ac0 f i KiwiNativeCameraPlugin.obj
 0001:00004ad0       ??$IID_PPV_ARGS_Helper@V?$ComPtr@UID3D11Fence@@@WRL@Microsoft@@@@YAPEAPEAXV?$ComPtrRef@V?$ComPtr@UID3D11Fence@@@WRL@Microsoft@@@Details@WRL@Microsoft@@@Z 0000000180005ad0 f i KiwiNativeCameraPlugin.obj
 0001:00004b10       ??$IID_PPV_ARGS_Helper@V?$ComPtr@UID3D11Texture2D@@@WRL@Microsoft@@@@YAPEAPEAXV?$ComPtrRef@V?$ComPtr@UID3D11Texture2D@@@WRL@Microsoft@@@Details@WRL@Microsoft@@@Z 0000000180005b10 f i KiwiNativeCameraPlugin.obj
 0001:00004b50       ??$IID_PPV_ARGS_Helper@V?$ComPtr@UID3D12Fence@@@WRL@Microsoft@@@@YAPEAPEAXV?$ComPtrRef@V?$ComPtr@UID3D12Fence@@@WRL@Microsoft@@@Details@WRL@Microsoft@@@Z 0000000180005b50 f i KiwiNativeCameraPlugin.obj
 0001:00004b90       ??$IID_PPV_ARGS_Helper@V?$ComPtr@UID3D12Resource@@@WRL@Microsoft@@@@YAPEAPEAXV?$ComPtrRef@V?$ComPtr@UID3D12Resource@@@WRL@Microsoft@@@Details@WRL@Microsoft@@@Z 0000000180005b90 f i KiwiNativeCameraPlugin.obj
 0001:00004bd0       ??$IID_PPV_ARGS_Helper@V?$ComPtr@UIDXGIAdapter1@@@WRL@Microsoft@@@@YAPEAPEAXV?$ComPtrRef@V?$ComPtr@UIDXGIAdapter1@@@WRL@Microsoft@@@Details@WRL@Microsoft@@@Z 0000000180005bd0 f i KiwiNativeCameraPlugin.obj
 0001:00004c10       ??$IID_PPV_ARGS_Helper@V?$ComPtr@UIDXGIFactory4@@@WRL@Microsoft@@@@YAPEAPEAXV?$ComPtrRef@V?$ComPtr@UIDXGIFactory4@@@WRL@Microsoft@@@Details@WRL@Microsoft@@@Z 0000000180005c10 f i KiwiNativeCameraPlugin.obj
 0001:00004c50       ??$IID_PPV_ARGS_Helper@V?$ComPtr@UIMF2DBuffer2@@@WRL@Microsoft@@@@YAPEAPEAXV?$ComPtrRef@V?$ComPtr@UIMF2DBuffer2@@@WRL@Microsoft@@@Details@WRL@Microsoft@@@Z 0000000180005c50 f i KiwiNativeCameraPlugin.obj
 0001:00004c90       ??$IID_PPV_ARGS_Helper@V?$ComPtr@UIMF2DBuffer@@@WRL@Microsoft@@@@YAPEAPEAXV?$ComPtrRef@V?$ComPtr@UIMF2DBuffer@@@WRL@Microsoft@@@Details@WRL@Microsoft@@@Z 0000000180005c90 f i KiwiNativeCameraPlugin.obj
 0001:00004cd0       ??$_Adl_verify_range@PEAEPEAE@std@@YAXAEBQEAE0@Z 0000000180005cd0 f i KiwiNativeCameraPlugin.obj
 0001:00004ce0       ??$_Adl_verify_range@V?$_String_iterator@V?$_String_val@U?$_Simple_types@_W@std@@@std@@@std@@V12@@std@@YAXAEBV?$_String_iterator@V?$_String_val@U?$_Simple_types@_W@std@@@std@@@0@0@Z 0000000180005ce0 f i KiwiNativeCameraPlugin.obj
 0001:00004cf0       ??$_Allocate@$0BA@U_Default_allocate_traits@std@@@std@@YAPEAX_K@Z 0000000180005cf0 f i KiwiNativeCameraPlugin.obj
 0001:00004d70       ??$_Allocate_at_least_helper@V?$allocator@D@std@@@std@@YAPEADAEAV?$allocator@D@0@AEA_K@Z 0000000180005d70 f i KiwiNativeCameraPlugin.obj
 0001:00004d80       ??$_Allocate_at_least_helper@V?$allocator@E@std@@@std@@YAPEAEAEAV?$allocator@E@0@AEA_K@Z 0000000180005d80 f i KiwiNativeCameraPlugin.obj
 0001:00004d90       ??$_Allocate_at_least_helper@V?$allocator@V?$ComPtr@UIMFActivate@@@WRL@Microsoft@@@std@@@std@@YAPEAV?$ComPtr@UIMFActivate@@@WRL@Microsoft@@AEAV?$allocator@V?$ComPtr@UIMFActivate@@@WRL@Microsoft@@@0@AEA_K@Z 0000000180005d90 f i KiwiNativeCameraPlugin.obj
 0001:00004dd0       ??$_Allocate_at_least_helper@V?$allocator@V?$basic_string@_WU?$char_traits@_W@std@@V?$allocator@_W@2@@std@@@std@@@std@@YAPEAV?$basic_string@_WU?$char_traits@_W@std@@V?$allocator@_W@2@@0@AEAV?$allocator@V?$basic_string@_WU?$char_traits@_W@std@@V?$allocator@_W@2@@std@@@0@AEA_K@Z 0000000180005dd0 f i KiwiNativeCameraPlugin.obj
 0001:00004e10       ??$_Allocate_at_least_helper@V?$allocator@_W@std@@@std@@YAPEA_WAEAV?$allocator@_W@0@AEA_K@Z 0000000180005e10 f i KiwiNativeCameraPlugin.obj
 0001:00004e50       ??$_Allocate_for_capacity@$0A@@?$basic_string@DU?$char_traits@D@std@@V?$allocator@D@2@@std@@CAPEADAEAV?$allocator@D@1@AEA_K@Z 0000000180005e50 f i KiwiNativeCameraPlugin.obj
 0001:00004e80       ??$_Allocate_for_capacity@$0A@@?$basic_string@_WU?$char_traits@_W@std@@V?$allocator@_W@2@@std@@CAPEA_WAEAV?$allocator@_W@1@AEA_K@Z 0000000180005e80 f i KiwiNativeCameraPlugin.obj
 0001:00004ed0       ??$_Allocate_manually_vector_aligned@U_Default_allocate_traits@std@@@std@@YAPEAX_K@Z 0000000180005ed0 f i KiwiNativeCameraPlugin.obj
 0001:00004f30       ??$_Atomic_address_as@DU?$_Atomic_padded@_N@std@@@std@@YAPECDAEAU?$_Atomic_padded@_N@0@@Z 0000000180005f30 f i KiwiNativeCameraPlugin.obj
 0001:00004f40       ??$_Atomic_address_as@DU?$_Atomic_padded@_N@std@@@std@@YAPEDDAEBU?$_Atomic_padded@_N@0@@Z 0000000180005f40 f i KiwiNativeCameraPlugin.obj
 0001:00004f50       ??$_Atomic_address_as@JU?$_Atomic_padded@K@std@@@std@@YAPECJAEAU?$_Atomic_padded@K@0@@Z 0000000180005f50 f i KiwiNativeCameraPlugin.obj
 0001:00004f60       ??$_Atomic_address_as@_JU?$_Atomic_padded@_J@std@@@std@@YAPEC_JAEAU?$_Atomic_padded@_J@0@@Z 0000000180005f60 f i KiwiNativeCameraPlugin.obj
 0001:00004f70       ??$_Atomic_address_as@_JU?$_Atomic_padded@_J@std@@@std@@YAPED_JAEBU?$_Atomic_padded@_J@0@@Z 0000000180005f70 f i KiwiNativeCameraPlugin.obj
 0001:00004f80       ??$_Atomic_address_as@_JU?$_Atomic_padded@_K@std@@@std@@YAPEC_JAEAU?$_Atomic_padded@_K@0@@Z 0000000180005f80 f i KiwiNativeCameraPlugin.obj
 0001:00004f90       ??$_Atomic_address_as@_JU?$_Atomic_padded@_K@std@@@std@@YAPED_JAEBU?$_Atomic_padded@_K@0@@Z 0000000180005f90 f i KiwiNativeCameraPlugin.obj
 0001:00004fa0       ??$_Atomic_reinterpret_as@D_N@std@@YADAEB_N@Z 0000000180005fa0 f i KiwiNativeCameraPlugin.obj
 0001:00004fb0       ??$_Atomic_reinterpret_as@_J_J@std@@YA_JAEB_J@Z 0000000180005fb0 f i KiwiNativeCameraPlugin.obj
 0001:00004fc0       ??$_Atomic_reinterpret_as@_J_K@std@@YA_JAEB_K@Z 0000000180005fc0 f i KiwiNativeCameraPlugin.obj
 0001:00004fd0       ??$_Construct@$00PEBD@?$basic_string@DU?$char_traits@D@std@@V?$allocator@D@2@@std@@AEAAXQEBD_K@Z 0000000180005fd0 f i KiwiNativeCameraPlugin.obj
 0001:000050c0       ??$_Construct@$01PEB_W@?$basic_string@_WU?$char_traits@_W@std@@V?$allocator@_W@2@@std@@AEAAXQEB_W_K@Z 00000001800060c0 f i KiwiNativeCameraPlugin.obj
 0001:000051c0       ??$_Construct_in_place@PEADAEAPEAD@std@@YAXAEAPEAD0@Z 00000001800061c0 f i KiwiNativeCameraPlugin.obj
 0001:000051d0       ??$_Construct_in_place@PEADAEBQEAD@std@@YAXAEAPEADAEBQEAD@Z 00000001800061d0 f i KiwiNativeCameraPlugin.obj
 0001:000051e0       ??$_Construct_in_place@PEA_WAEAPEA_W@std@@YAXAEAPEA_W0@Z 00000001800061e0 f i KiwiNativeCameraPlugin.obj
 0001:000051f0       ??$_Construct_in_place@PEA_WAEBQEA_W@std@@YAXAEAPEA_WAEBQEA_W@Z 00000001800061f0 f i KiwiNativeCameraPlugin.obj
 0001:00005200       ??$_Construct_in_place@V?$ComPtr@UIMFActivate@@@WRL@Microsoft@@V123@@std@@YAXAEAV?$ComPtr@UIMFActivate@@@WRL@Microsoft@@$$QEAV123@@Z 0000000180006200 f i KiwiNativeCameraPlugin.obj
 0001:00005220       ??$_Construct_in_place@V?$basic_string@_WU?$char_traits@_W@std@@V?$allocator@_W@2@@std@@V12@@std@@YAXAEAV?$basic_string@_WU?$char_traits@_W@std@@V?$allocator@_W@2@@0@$$QEAV10@@Z 0000000180006220 f i KiwiNativeCameraPlugin.obj
 0001:00005260       ??$_Convert_size@_K_K@std@@YA_K_K@Z 0000000180006260 f i KiwiNativeCameraPlugin.obj
 0001:00005270       ??$_Copy_memmove@PEAEPEAE@std@@YAPEAEPEAE00@Z 0000000180006270 f i KiwiNativeCameraPlugin.obj
 0001:000052b0       ??$_Copy_memmove_tail@PEAE@std@@YAPEAEQEBDQEAE_K2@Z 00000001800062b0 f i KiwiNativeCameraPlugin.obj
 0001:000052f0       ??$_Deallocate@$0BA@@std@@YAXPEAX_K@Z 00000001800062f0 f i KiwiNativeCameraPlugin.obj
 0001:00005350       ??$_Destroy_in_place@PEAD@std@@YAXAEAPEAD@Z 0000000180006350 f i KiwiNativeCameraPlugin.obj
 0001:00005360       ??$_Destroy_in_place@PEA_W@std@@YAXAEAPEA_W@Z 0000000180006360 f i KiwiNativeCameraPlugin.obj
 0001:00005370       ??$_Destroy_range@V?$allocator@E@std@@@std@@YAXPEAEQEAEAEAV?$allocator@E@0@@Z 0000000180006370 f i KiwiNativeCameraPlugin.obj
 0001:00005380       ??$_Destroy_range@V?$allocator@V?$ComPtr@UIMFActivate@@@WRL@Microsoft@@@std@@@std@@YAXPEAV?$ComPtr@UIMFActivate@@@WRL@Microsoft@@QEAV123@AEAV?$allocator@V?$ComPtr@UIMFActivate@@@WRL@Microsoft@@@0@@Z 0000000180006380 f i KiwiNativeCameraPlugin.obj
 0001:000053e0       ??$_Destroy_range@V?$allocator@V?$basic_string@_WU?$char_traits@_W@std@@V?$allocator@_W@2@@std@@@std@@@std@@YAXPEAV?$basic_string@_WU?$char_traits@_W@std@@V?$allocator@_W@2@@0@QEAV10@AEAV?$allocator@V?$basic_string@_WU?$char_traits@_W@std@@V?$allocator@_W@2@@std@@@0@@Z 00000001800063e0 f i KiwiNativeCameraPlugin.obj
 0001:00005420       ??$_Emplace_back@$$V@?$_Uninitialized_backout_al@V?$allocator@E@std@@@std@@QEAAXXZ 0000000180006420 f i KiwiNativeCameraPlugin.obj
 0001:00005430       ??$_Emplace_back@AEBE@?$_Uninitialized_backout_al@V?$allocator@E@std@@@std@@QEAAXAEBE@Z 0000000180006430 f i KiwiNativeCameraPlugin.obj
 0001:00005450       ??$_Emplace_back@E@?$_Uninitialized_backout_al@V?$allocator@E@std@@@std@@QEAAX$$QEAE@Z 0000000180006450 f i KiwiNativeCameraPlugin.obj
 0001:00005470       ??$_Emplace_back@V?$ComPtr@UIMFActivate@@@WRL@Microsoft@@@?$_Uninitialized_backout_al@V?$allocator@V?$ComPtr@UIMFActivate@@@WRL@Microsoft@@@std@@@std@@QEAAX$$QEAV?$ComPtr@UIMFActivate@@@WRL@Microsoft@@@Z 0000000180006470 f i KiwiNativeCameraPlugin.obj
 0001:000054a0       ??$_Emplace_back@V?$basic_string@_WU?$char_traits@_W@std@@V?$allocator@_W@2@@std@@@?$_Uninitialized_backout_al@V?$allocator@V?$basic_string@_WU?$char_traits@_W@std@@V?$allocator@_W@2@@std@@@std@@@std@@QEAAX$$QEAV?$basic_string@_WU?$char_traits@_W@std@@V?$allocator@_W@2@@1@@Z 00000001800064a0 f i KiwiNativeCameraPlugin.obj
 0001:000054f0       ??$_Emplace_back_with_unused_capacity@V?$ComPtr@UIMFActivate@@@WRL@Microsoft@@@?$vector@V?$ComPtr@UIMFActivate@@@WRL@Microsoft@@V?$allocator@V?$ComPtr@UIMFActivate@@@WRL@Microsoft@@@std@@@std@@AEAAAEAV?$ComPtr@UIMFActivate@@@WRL@Microsoft@@$$QEAV234@@Z 00000001800064f0 f i KiwiNativeCameraPlugin.obj
 0001:00005530       ??$_Emplace_back_with_unused_capacity@V?$basic_string@_WU?$char_traits@_W@std@@V?$allocator@_W@2@@std@@@?$vector@V?$basic_string@_WU?$char_traits@_W@std@@V?$allocator@_W@2@@std@@V?$allocator@V?$basic_string@_WU?$char_traits@_W@std@@V?$allocator@_W@2@@std@@@2@@std@@AEAAAEAV?$basic_string@_WU?$char_traits@_W@std@@V?$allocator@_W@2@@1@$$QEAV21@@Z 0000000180006530 f i KiwiNativeCameraPlugin.obj
 0001:00005590       ??$_Emplace_one_at_back@V?$ComPtr@UIMFActivate@@@WRL@Microsoft@@@?$vector@V?$ComPtr@UIMFActivate@@@WRL@Microsoft@@V?$allocator@V?$ComPtr@UIMFActivate@@@WRL@Microsoft@@@std@@@std@@AEAAAEAV?$ComPtr@UIMFActivate@@@WRL@Microsoft@@$$QEAV234@@Z 0000000180006590 f i KiwiNativeCameraPlugin.obj
 0001:000055e0       ??$_Emplace_one_at_back@V?$basic_string@_WU?$char_traits@_W@std@@V?$allocator@_W@2@@std@@@?$vector@V?$basic_string@_WU?$char_traits@_W@std@@V?$allocator@_W@2@@std@@V?$allocator@V?$basic_string@_WU?$char_traits@_W@std@@V?$allocator@_W@2@@std@@@2@@std@@AEAAAEAV?$basic_string@_WU?$char_traits@_W@std@@V?$allocator@_W@2@@1@$$QEAV21@@Z 00000001800065e0 f i KiwiNativeCameraPlugin.obj
 0001:000057d0       ??$_Emplace_reallocate@V?$ComPtr@UIMFActivate@@@WRL@Microsoft@@@?$vector@V?$ComPtr@UIMFActivate@@@WRL@Microsoft@@V?$allocator@V?$ComPtr@UIMFActivate@@@WRL@Microsoft@@@std@@@std@@AEAAPEAV?$ComPtr@UIMFActivate@@@WRL@Microsoft@@QEAV234@$$QEAV234@@Z 00000001800067d0 f i KiwiNativeCameraPlugin.obj
 0001:000059b0       ??$_Emplace_reallocate@V?$basic_string@_WU?$char_traits@_W@std@@V?$allocator@_W@2@@std@@@?$vector@V?$basic_string@_WU?$char_traits@_W@std@@V?$allocator@_W@2@@std@@V?$allocator@V?$basic_string@_WU?$char_traits@_W@std@@V?$allocator@_W@2@@std@@@2@@std@@AEAAPEAV?$basic_string@_WU?$char_traits@_W@std@@V?$allocator@_W@2@@1@QEAV21@$$QEAV21@@Z 00000001800069b0 f i KiwiNativeCameraPlugin.obj
 0001:00005b50       ??$_Fill_memset@PEAEE@std@@YAXPEAEE_K@Z 0000000180006b50 f i KiwiNativeCameraPlugin.obj
 0001:00005b60       ??$_Get_size_of_n@$00@std@@YA_K_K@Z 0000000180006b60 f i KiwiNativeCameraPlugin.obj
 0001:00005b70       ??$_Get_size_of_n@$01@std@@YA_K_K@Z 0000000180006b70 f i KiwiNativeCameraPlugin.obj
 0001:00005ba0       ??$_Get_size_of_n@$07@std@@YA_K_K@Z 0000000180006ba0 f i KiwiNativeCameraPlugin.obj
 0001:00005bd0       ??$_Get_size_of_n@$0CA@@std@@YA_K_K@Z 0000000180006bd0 f i KiwiNativeCameraPlugin.obj
 0001:00005c00       ??$_Get_unwrapped@AEBQEAE@std@@YA?A_TAEBQEAE@Z 0000000180006c00 f i KiwiNativeCameraPlugin.obj
 0001:00005c10       ??$_Get_unwrapped@AEBQEAV?$ComPtr@UIMFActivate@@@WRL@Microsoft@@@std@@YA?A_TAEBQEAV?$ComPtr@UIMFActivate@@@WRL@Microsoft@@@Z 0000000180006c10 f i KiwiNativeCameraPlugin.obj
 0001:00005c20       ??$_Get_unwrapped@AEBQEAV?$basic_string@_WU?$char_traits@_W@std@@V?$allocator@_W@2@@std@@@std@@YA?A_TAEBQEAV?$basic_string@_WU?$char_traits@_W@std@@V?$allocator@_W@2@@0@@Z 0000000180006c20 f i KiwiNativeCameraPlugin.obj
 0001:00005c30       ??$_Get_unwrapped@AEBV?$_String_iterator@V?$_String_val@U?$_Simple_types@_W@std@@@std@@@std@@@std@@YA?A_TAEBV?$_String_iterator@V?$_String_val@U?$_Simple_types@_W@std@@@std@@@0@@Z 0000000180006c30 f i KiwiNativeCameraPlugin.obj
 0001:00005c40       ??$_Get_unwrapped_n@AEAV?$_String_iterator@V?$_String_val@U?$_Simple_types@_W@std@@@std@@@std@@_J@std@@YA?A_TAEAV?$_String_iterator@V?$_String_val@U?$_Simple_types@_W@std@@@std@@@0@_J@Z 0000000180006c40 f i KiwiNativeCameraPlugin.obj
 0001:00005c50       ??$_Idl_distance@V?$_String_iterator@V?$_String_val@U?$_Simple_types@_W@std@@@std@@@std@@PEA_W@std@@YA?A_PAEBQEA_W0@Z 0000000180006c50 f i KiwiNativeCameraPlugin.obj
 0001:00005c60       ??$_Invoke@V?$tuple@P6AXXZ@std@@$0A@@thread@std@@CAIPEAX@Z 0000000180006c60 f i KiwiNativeCameraPlugin.obj
 0001:00005c90       ??$_Max_limit@_J@std@@YA_JXZ 0000000180006c90 f i KiwiNativeCameraPlugin.obj
 0001:00005ca0       ??$_Pocma@V?$allocator@D@std@@@std@@YAXAEAV?$allocator@D@0@0@Z 0000000180006ca0 f i KiwiNativeCameraPlugin.obj
 0001:00005cb0       ??$_Reallocate@$0A@@?$vector@V?$ComPtr@UIMFActivate@@@WRL@Microsoft@@V?$allocator@V?$ComPtr@UIMFActivate@@@WRL@Microsoft@@@std@@@std@@AEAAXAEA_K@Z 0000000180006cb0 f i KiwiNativeCameraPlugin.obj
 0001:00005d70       ??$_Reallocate@$0A@@?$vector@V?$basic_string@_WU?$char_traits@_W@std@@V?$allocator@_W@2@@std@@V?$allocator@V?$basic_string@_WU?$char_traits@_W@std@@V?$allocator@_W@2@@std@@@2@@std@@AEAAXAEA_K@Z 0000000180006d70 f i KiwiNativeCameraPlugin.obj
 0001:00005e50       ??$_Reallocate_for@V<lambda_1>@?1??assign@?$basic_string@_WU?$char_traits@_W@std@@V?$allocator@_W@2@@std@@QEAAAEAV34@QEB_W_K@Z@PEB_W@?$basic_string@_WU?$char_traits@_W@std@@V?$allocator@_W@2@@std@@AEAAAEAV01@_KV<lambda_1>@?1??assign@01@QEAAAEAV01@QEB_W0@Z@PEB_W@Z 0000000180006e50 f i KiwiNativeCameraPlugin.obj
 0001:00005f80       ??$_Reallocate_grow_by@V<lambda_1>@?1??append@?$basic_string@DU?$char_traits@D@std@@V?$allocator@D@2@@std@@QEAAAEAV34@QEBD_K@Z@PEBD_K@?$basic_string@DU?$char_traits@D@std@@V?$allocator@D@2@@std@@AEAAAEAV01@_KV<lambda_1>@?1??append@01@QEAAAEAV01@QEBD0@Z@PEBD_K@Z 0000000180006f80 f i KiwiNativeCameraPlugin.obj
 0001:00006130       ??$_Refancy@PEA_W$0A@@std@@YAPEA_WPEA_W@Z 0000000180007130 f i KiwiNativeCameraPlugin.obj
 0001:00006140       ??$_Refancy_maybe_null@PEB_W$0A@@std@@YAPEB_WPEB_W@Z 0000000180007140 f i KiwiNativeCameraPlugin.obj
 0001:00006150       ??$_Resize@U_Value_init_tag@std@@@?$vector@EV?$allocator@E@std@@@std@@AEAAX_KAEBU_Value_init_tag@1@@Z 0000000180007150 f i KiwiNativeCameraPlugin.obj
 0001:00006300       ??$_Resize_reallocate@U_Value_init_tag@std@@@?$vector@EV?$allocator@E@std@@@std@@AEAAX_KAEBU_Value_init_tag@1@@Z 0000000180007300 f i KiwiNativeCameraPlugin.obj
 0001:00006450       ??$_Search_vectorized@$$CB_W$$CB_W@std@@YAPEB_WQEB_W00_K@Z 0000000180007450 f i KiwiNativeCameraPlugin.obj
 0001:00006460       ??$_Seek_wrapped@V?$_String_iterator@V?$_String_val@U?$_Simple_types@_W@std@@@std@@@std@@AEAPEA_W@std@@YAXAEAV?$_String_iterator@V?$_String_val@U?$_Simple_types@_W@std@@@std@@@0@AEAPEA_W@Z 0000000180007460 f i KiwiNativeCameraPlugin.obj
 0001:00006470       ??$_Start@A6AXXZ$$V@thread@std@@AEAAXA6AXXZ@Z 0000000180007470 f i KiwiNativeCameraPlugin.obj
 0001:00006500       ??$_To_address@PEAE@std@@YA?A_PAEBQEAE@Z 0000000180007500 f i KiwiNativeCameraPlugin.obj
 0001:00006510       ??$_Traits_find@U?$char_traits@_W@std@@@std@@YA_KQEB_W_K101@Z 0000000180007510 f i KiwiNativeCameraPlugin.obj
 0001:000065a0       ??$_Unfancy@D@std@@YAPEADPEAD@Z 00000001800075a0 f i KiwiNativeCameraPlugin.obj
 0001:000065b0       ??$_Unfancy@E@std@@YAPEAEPEAE@Z 00000001800075b0 f i KiwiNativeCameraPlugin.obj
 0001:000065c0       ??$_Unfancy@V?$ComPtr@UIMFActivate@@@WRL@Microsoft@@@std@@YAPEAV?$ComPtr@UIMFActivate@@@WRL@Microsoft@@PEAV123@@Z 00000001800075c0 f i KiwiNativeCameraPlugin.obj
 0001:000065d0       ??$_Unfancy@V?$basic_string@_WU?$char_traits@_W@std@@V?$allocator@_W@2@@std@@@std@@YAPEAV?$basic_string@_WU?$char_traits@_W@std@@V?$allocator@_W@2@@0@PEAV10@@Z 00000001800075d0 f i KiwiNativeCameraPlugin.obj
 0001:000065e0       ??$_Unfancy@_W@std@@YAPEA_WPEA_W@Z 00000001800075e0 f i KiwiNativeCameraPlugin.obj
 0001:000065f0       ??$_Unfancy_maybe_null@$$CB_W@std@@YAPEB_WPEB_W@Z 00000001800075f0 f i KiwiNativeCameraPlugin.obj
 0001:00006600       ??$_Unfancy_maybe_null@E@std@@YAPEAEPEAE@Z 0000000180007600 f i KiwiNativeCameraPlugin.obj
 0001:00006610       ??$_Uninitialized_fill_n@V?$allocator@E@std@@@std@@YAPEAEPEAE_KAEBEAEAV?$allocator@E@0@@Z 0000000180007610 f i KiwiNativeCameraPlugin.obj
 0001:00006650       ??$_Uninitialized_move@PEAEV?$allocator@E@std@@@std@@YAPEAEQEAE0PEAEAEAV?$allocator@E@0@@Z 0000000180007650 f i KiwiNativeCameraPlugin.obj
 0001:00006690       ??$_Uninitialized_move@PEAV?$ComPtr@UIMFActivate@@@WRL@Microsoft@@V?$allocator@V?$ComPtr@UIMFActivate@@@WRL@Microsoft@@@std@@@std@@YAPEAV?$ComPtr@UIMFActivate@@@WRL@Microsoft@@QEAV123@0PEAV123@AEAV?$allocator@V?$ComPtr@UIMFActivate@@@WRL@Microsoft@@@0@@Z 0000000180007690 f i KiwiNativeCameraPlugin.obj
 0001:000066d0       ??$_Uninitialized_move@PEAV?$basic_string@_WU?$char_traits@_W@std@@V?$allocator@_W@2@@std@@V?$allocator@V?$basic_string@_WU?$char_traits@_W@std@@V?$allocator@_W@2@@std@@@2@@std@@YAPEAV?$basic_string@_WU?$char_traits@_W@std@@V?$allocator@_W@2@@0@QEAV10@0PEAV10@AEAV?$allocator@V?$basic_string@_WU?$char_traits@_W@std@@V?$allocator@_W@2@@std@@@0@@Z 00000001800076d0 f i KiwiNativeCameraPlugin.obj
 0001:00006750       ??$_Uninitialized_value_construct_n@V?$allocator@E@std@@@std@@YAPEAEPEAE_KAEAV?$allocator@E@0@@Z 0000000180007750 f i KiwiNativeCameraPlugin.obj
 0001:00006790       ??$_Zero_range@PEAE@std@@YAPEAEQEAE0@Z 0000000180007790 f i KiwiNativeCameraPlugin.obj
 0001:000067c0       ??$addressof@PEAD@std@@YAPEAPEADAEAPEAD@Z 00000001800077c0 f i KiwiNativeCameraPlugin.obj
 0001:000067d0       ??$addressof@PEA_W@std@@YAPEAPEA_WAEAPEA_W@Z 00000001800077d0 f i KiwiNativeCameraPlugin.obj
 0001:000067e0       ??$addressof@V?$ComPtr@UIMFActivate@@@WRL@Microsoft@@@std@@YAPEAV?$ComPtr@UIMFActivate@@@WRL@Microsoft@@AEAV123@@Z 00000001800077e0 f i KiwiNativeCameraPlugin.obj
 0001:000067f0       ??$addressof@V?$_String_val@U?$_Simple_types@D@std@@@std@@@std@@YAPEAV?$_String_val@U?$_Simple_types@D@std@@@0@AEAV10@@Z 00000001800077f0 f i KiwiNativeCameraPlugin.obj
 0001:00006800       ??$addressof@V?$_String_val@U?$_Simple_types@_W@std@@@std@@@std@@YAPEAV?$_String_val@U?$_Simple_types@_W@std@@@0@AEAV10@@Z 0000000180007800 f i KiwiNativeCameraPlugin.obj
 0001:00006810       ??$addressof@V?$basic_string@DU?$char_traits@D@std@@V?$allocator@D@2@@std@@@std@@YAPEAV?$basic_string@DU?$char_traits@D@std@@V?$allocator@D@2@@0@AEAV10@@Z 0000000180007810 f i KiwiNativeCameraPlugin.obj
 0001:00006820       ??$addressof@V?$basic_string@_WU?$char_traits@_W@std@@V?$allocator@_W@2@@std@@@std@@YAPEAV?$basic_string@_WU?$char_traits@_W@std@@V?$allocator@_W@2@@0@AEAV10@@Z 0000000180007820 f i KiwiNativeCameraPlugin.obj
 0001:00006830       ??$addressof@Vmutex@std@@@std@@YAPEAVmutex@0@AEAV10@@Z 0000000180007830 f i KiwiNativeCameraPlugin.obj
 0001:00006840       ??$construct@E$$V@?$_Default_allocator_traits@V?$allocator@E@std@@@std@@SAXAEAV?$allocator@E@1@QEAE@Z 0000000180007840 f i KiwiNativeCameraPlugin.obj
 0001:00006850       ??$construct@EAEBE@?$_Default_allocator_traits@V?$allocator@E@std@@@std@@SAXAEAV?$allocator@E@1@QEAEAEBE@Z 0000000180007850 f i KiwiNativeCameraPlugin.obj
 0001:00006860       ??$construct@EE@?$_Default_allocator_traits@V?$allocator@E@std@@@std@@SAXAEAV?$allocator@E@1@QEAE$$QEAE@Z 0000000180007860 f i KiwiNativeCameraPlugin.obj
 0001:00006870       ??$construct@V?$ComPtr@UIMFActivate@@@WRL@Microsoft@@V123@@?$_Default_allocator_traits@V?$allocator@V?$ComPtr@UIMFActivate@@@WRL@Microsoft@@@std@@@std@@SAXAEAV?$allocator@V?$ComPtr@UIMFActivate@@@WRL@Microsoft@@@1@QEAV?$ComPtr@UIMFActivate@@@WRL@Microsoft@@$$QEAV345@@Z 0000000180007870 f i KiwiNativeCameraPlugin.obj
 0001:00006890       ??$construct@V?$basic_string@_WU?$char_traits@_W@std@@V?$allocator@_W@2@@std@@V12@@?$_Default_allocator_traits@V?$allocator@V?$basic_string@_WU?$char_traits@_W@std@@V?$allocator@_W@2@@std@@@std@@@std@@SAXAEAV?$allocator@V?$basic_string@_WU?$char_traits@_W@std@@V?$allocator@_W@2@@std@@@1@QEAV?$basic_string@_WU?$char_traits@_W@std@@V?$allocator@_W@2@@1@$$QEAV31@@Z 0000000180007890 f i KiwiNativeCameraPlugin.obj
 0001:000068d0       ??$destroy@V?$ComPtr@UIMFActivate@@@WRL@Microsoft@@@?$_Default_allocator_traits@V?$allocator@V?$ComPtr@UIMFActivate@@@WRL@Microsoft@@@std@@@std@@SAXAEAV?$allocator@V?$ComPtr@UIMFActivate@@@WRL@Microsoft@@@1@QEAV?$ComPtr@UIMFActivate@@@WRL@Microsoft@@@Z 00000001800078d0 f i KiwiNativeCameraPlugin.obj
 0001:00006900       ??$destroy@V?$basic_string@_WU?$char_traits@_W@std@@V?$allocator@_W@2@@std@@@?$_Default_allocator_traits@V?$allocator@V?$basic_string@_WU?$char_traits@_W@std@@V?$allocator@_W@2@@std@@@std@@@std@@SAXAEAV?$allocator@V?$basic_string@_WU?$char_traits@_W@std@@V?$allocator@_W@2@@std@@@1@QEAV?$basic_string@_WU?$char_traits@_W@std@@V?$allocator@_W@2@@1@@Z 0000000180007900 f i KiwiNativeCameraPlugin.obj
 0001:00006910       ??$exchange@PEAV?$tuple@P6AXXZ@std@@$$T@std@@YAPEAV?$tuple@P6AXXZ@0@AEAPEAV10@$$QEA$$T@Z 0000000180007910 f i KiwiNativeCameraPlugin.obj
 0001:00006920       ??$exchange@U_Thrd_t@@U1@@std@@YA?AU_Thrd_t@@AEAU1@$$QEAU1@@Z 0000000180007920 f i KiwiNativeCameraPlugin.obj
 0001:00006940       ??$fill@PEAEE@std@@YAXQEAE0AEBE@Z 0000000180007940 f i KiwiNativeCameraPlugin.obj
 0001:00006960       ??$forward@A6AXXZ@std@@YAA6AXXZA6AXXZ@Z 0000000180007960 f i KiwiNativeCameraPlugin.obj
 0001:00006970       ??$forward@AEAPEAD@std@@YAAEAPEADAEAPEAD@Z 0000000180007970 f i KiwiNativeCameraPlugin.obj
 0001:00006980       ??$forward@AEAPEAV?$tuple@P6AXXZ@std@@@std@@YAAEAPEAV?$tuple@P6AXXZ@0@AEAPEAV10@@Z 0000000180007980 f i KiwiNativeCameraPlugin.obj
 0001:00006990       ??$forward@AEAPEA_W@std@@YAAEAPEA_WAEAPEA_W@Z 0000000180007990 f i KiwiNativeCameraPlugin.obj
 0001:000069a0       ??$forward@AEBE@std@@YAAEBEAEBE@Z 00000001800079a0 f i KiwiNativeCameraPlugin.obj
 0001:000069b0       ??$forward@AEBQ6AXXZ@std@@YAAEBQ6AXXZAEBQ6AXXZ@Z 00000001800079b0 f i KiwiNativeCameraPlugin.obj
 0001:000069c0       ??$forward@AEBQEAD@std@@YAAEBQEADAEBQEAD@Z 00000001800079c0 f i KiwiNativeCameraPlugin.obj
 0001:000069d0       ??$forward@AEBQEA_W@std@@YAAEBQEA_WAEBQEA_W@Z 00000001800079d0 f i KiwiNativeCameraPlugin.obj
 0001:000069e0       ??$forward@E@std@@YA$$QEAEAEAE@Z 00000001800079e0 f i KiwiNativeCameraPlugin.obj
 0001:000069f0       ??$forward@V?$ComPtr@UIMFActivate@@@WRL@Microsoft@@@std@@YA$$QEAV?$ComPtr@UIMFActivate@@@WRL@Microsoft@@AEAV123@@Z 00000001800079f0 f i KiwiNativeCameraPlugin.obj
 0001:00006a00       ??$forward@V?$allocator@D@std@@@std@@YA$$QEAV?$allocator@D@0@AEAV10@@Z 0000000180007a00 f i KiwiNativeCameraPlugin.obj
 0001:00006a10       ??$forward@V?$allocator@_W@std@@@std@@YA$$QEAV?$allocator@_W@0@AEAV10@@Z 0000000180007a10 f i KiwiNativeCameraPlugin.obj
 0001:00006a20       ??$forward@V?$basic_string@_WU?$char_traits@_W@std@@V?$allocator@_W@2@@std@@@std@@YA$$QEAV?$basic_string@_WU?$char_traits@_W@std@@V?$allocator@_W@2@@0@AEAV10@@Z 0000000180007a20 f i KiwiNativeCameraPlugin.obj
 0001:00006a30       ??$get@$0A@P6AXXZ@std@@YAAEAP6AXXZAEAV?$tuple@P6AXXZ@0@@Z 0000000180007a30 f i KiwiNativeCameraPlugin.obj
 0001:00006a40       ??$invoke@P6AXXZ@std@@YAX$$QEAP6AXXZ@Z 0000000180007a40 f i KiwiNativeCameraPlugin.obj
 0001:00006a50       ??$make_unique@V?$tuple@P6AXXZ@std@@A6AXXZ$0A@@std@@YA?AV?$unique_ptr@V?$tuple@P6AXXZ@std@@U?$default_delete@V?$tuple@P6AXXZ@std@@@2@@0@A6AXXZ@Z 0000000180007a50 f i KiwiNativeCameraPlugin.obj
 0001:00006ab0       ??$max@_K@std@@YAAEB_KAEB_K0@Z 0000000180007ab0 f i KiwiNativeCameraPlugin.obj
 0001:00006ad0       ??$min@_K@std@@YAAEB_KAEB_K0@Z 0000000180007ad0 f i KiwiNativeCameraPlugin.obj
 0001:00006af0       ??$move@AEAE@std@@YA$$QEAEAEAE@Z 0000000180007af0 f i KiwiNativeCameraPlugin.obj
 0001:00006b00       ??$move@AEAP6AXXZ@std@@YA$$QEAP6AXXZAEAP6AXXZ@Z 0000000180007b00 f i KiwiNativeCameraPlugin.obj
 0001:00006b10       ??$move@AEAPEAE@std@@YA$$QEAPEAEAEAPEAE@Z 0000000180007b10 f i KiwiNativeCameraPlugin.obj
 0001:00006b20       ??$move@AEAV?$ComPtr@UIMFActivate@@@WRL@Microsoft@@@std@@YA$$QEAV?$ComPtr@UIMFActivate@@@WRL@Microsoft@@AEAV123@@Z 0000000180007b20 f i KiwiNativeCameraPlugin.obj
 0001:00006b30       ??$move@AEAV?$allocator@D@std@@@std@@YA$$QEAV?$allocator@D@0@AEAV10@@Z 0000000180007b30 f i KiwiNativeCameraPlugin.obj
 0001:00006b40       ??$move@AEAV?$allocator@_W@std@@@std@@YA$$QEAV?$allocator@_W@0@AEAV10@@Z 0000000180007b40 f i KiwiNativeCameraPlugin.obj
 0001:00006b50       ??$move@AEAV?$basic_string@DU?$char_traits@D@std@@V?$allocator@D@2@@std@@@std@@YA$$QEAV?$basic_string@DU?$char_traits@D@std@@V?$allocator@D@2@@0@AEAV10@@Z 0000000180007b50 f i KiwiNativeCameraPlugin.obj
 0001:00006b60       ??$move@AEAV?$basic_string@_WU?$char_traits@_W@std@@V?$allocator@_W@2@@std@@@std@@YA$$QEAV?$basic_string@_WU?$char_traits@_W@std@@V?$allocator@_W@2@@0@AEAV10@@Z 0000000180007b60 f i KiwiNativeCameraPlugin.obj
 0001:00006b70       ??$sprintf_s@$0BAA@@@YAHAEAY0BAA@DPEBDZZ 0000000180007b70 f i KiwiNativeCameraPlugin.obj
 0001:00006bf0       ??$sprintf_s@$0BIA@@@YAHAEAY0BIA@DPEBDZZ 0000000180007bf0 f i KiwiNativeCameraPlugin.obj
 0001:00006d80       ??0?$ComPtr@UID3D10Blob@@@WRL@Microsoft@@QEAA@XZ 0000000180007d80 f i KiwiNativeCameraPlugin.obj
 0001:00006d90       ??0?$ComPtr@UID3D10Multithread@@@WRL@Microsoft@@QEAA@XZ 0000000180007d90 f i KiwiNativeCameraPlugin.obj
 0001:00006da0       ??0?$ComPtr@UID3D11Buffer@@@WRL@Microsoft@@QEAA@XZ 0000000180007da0 f i KiwiNativeCameraPlugin.obj
 0001:00006db0       ??0?$ComPtr@UID3D11ComputeShader@@@WRL@Microsoft@@QEAA@XZ 0000000180007db0 f i KiwiNativeCameraPlugin.obj
 0001:00006dc0       ??0?$ComPtr@UID3D11Device1@@@WRL@Microsoft@@QEAA@XZ 0000000180007dc0 f i KiwiNativeCameraPlugin.obj
 0001:00006dd0       ??0?$ComPtr@UID3D11Device5@@@WRL@Microsoft@@QEAA@XZ 0000000180007dd0 f i KiwiNativeCameraPlugin.obj
 0001:00006de0       ??0?$ComPtr@UID3D11Device@@@WRL@Microsoft@@QEAA@XZ 0000000180007de0 f i KiwiNativeCameraPlugin.obj
 0001:00006df0       ??0?$ComPtr@UID3D11DeviceContext4@@@WRL@Microsoft@@QEAA@XZ 0000000180007df0 f i KiwiNativeCameraPlugin.obj
 0001:00006e00       ??0?$ComPtr@UID3D11DeviceContext@@@WRL@Microsoft@@QEAA@XZ 0000000180007e00 f i KiwiNativeCameraPlugin.obj
 0001:00006e10       ??0?$ComPtr@UID3D11Fence@@@WRL@Microsoft@@QEAA@XZ 0000000180007e10 f i KiwiNativeCameraPlugin.obj
 0001:00006e20       ??0?$ComPtr@UID3D11ShaderResourceView1@@@WRL@Microsoft@@QEAA@$$QEAV012@@Z 0000000180007e20 f i KiwiNativeCameraPlugin.obj
 0001:00006e40       ??0?$ComPtr@UID3D11ShaderResourceView1@@@WRL@Microsoft@@QEAA@XZ 0000000180007e40 f i KiwiNativeCameraPlugin.obj
 0001:00006e50       ??0?$ComPtr@UID3D11Texture2D@@@WRL@Microsoft@@QEAA@$$QEAV012@@Z 0000000180007e50 f i KiwiNativeCameraPlugin.obj
 0001:00006e70       ??0?$ComPtr@UID3D11Texture2D@@@WRL@Microsoft@@QEAA@XZ 0000000180007e70 f i KiwiNativeCameraPlugin.obj
 0001:00006e80       ??0?$ComPtr@UID3D11UnorderedAccessView@@@WRL@Microsoft@@QEAA@$$QEAV012@@Z 0000000180007e80 f i KiwiNativeCameraPlugin.obj
 0001:00006ea0       ??0?$ComPtr@UID3D11UnorderedAccessView@@@WRL@Microsoft@@QEAA@XZ 0000000180007ea0 f i KiwiNativeCameraPlugin.obj
 0001:00006eb0       ??0?$ComPtr@UID3D12CompatibilityDevice@@@WRL@Microsoft@@QEAA@XZ 0000000180007eb0 f i KiwiNativeCameraPlugin.obj
 0001:00006ec0       ??0?$ComPtr@UID3D12Device@@@WRL@Microsoft@@QEAA@XZ 0000000180007ec0 f i KiwiNativeCameraPlugin.obj
 0001:00006ed0       ??0?$ComPtr@UID3D12Fence@@@WRL@Microsoft@@QEAA@XZ 0000000180007ed0 f i KiwiNativeCameraPlugin.obj
 0001:00006ee0       ??0?$ComPtr@UID3D12Resource@@@WRL@Microsoft@@QEAA@$$QEAV012@@Z 0000000180007ee0 f i KiwiNativeCameraPlugin.obj
 0001:00006f00       ??0?$ComPtr@UID3D12Resource@@@WRL@Microsoft@@QEAA@XZ 0000000180007f00 f i KiwiNativeCameraPlugin.obj
 0001:00006f10       ??0?$ComPtr@UIDXGIAdapter1@@@WRL@Microsoft@@QEAA@XZ 0000000180007f10 f i KiwiNativeCameraPlugin.obj
 0001:00006f20       ??0?$ComPtr@UIDXGIFactory4@@@WRL@Microsoft@@QEAA@XZ 0000000180007f20 f i KiwiNativeCameraPlugin.obj
 0001:00006f30       ??0?$ComPtr@UIMF2DBuffer2@@@WRL@Microsoft@@QEAA@XZ 0000000180007f30 f i KiwiNativeCameraPlugin.obj
 0001:00006f40       ??0?$ComPtr@UIMF2DBuffer@@@WRL@Microsoft@@QEAA@XZ 0000000180007f40 f i KiwiNativeCameraPlugin.obj
 0001:00006f50       ??0?$ComPtr@UIMFActivate@@@WRL@Microsoft@@QEAA@$$QEAV012@@Z 0000000180007f50 f i KiwiNativeCameraPlugin.obj
 0001:00006f70       ??0?$ComPtr@UIMFActivate@@@WRL@Microsoft@@QEAA@XZ 0000000180007f70 f i KiwiNativeCameraPlugin.obj
 0001:00006f80       ??0?$ComPtr@UIMFAttributes@@@WRL@Microsoft@@QEAA@XZ 0000000180007f80 f i KiwiNativeCameraPlugin.obj
 0001:00006f90       ??0?$ComPtr@UIMFMediaBuffer@@@WRL@Microsoft@@QEAA@XZ 0000000180007f90 f i KiwiNativeCameraPlugin.obj
 0001:00006fa0       ??0?$ComPtr@UIMFMediaSource@@@WRL@Microsoft@@QEAA@XZ 0000000180007fa0 f i KiwiNativeCameraPlugin.obj
 0001:00006fb0       ??0?$ComPtr@UIMFMediaType@@@WRL@Microsoft@@QEAA@AEBV012@@Z 0000000180007fb0 f i KiwiNativeCameraPlugin.obj
 0001:00006fe0       ??0?$ComPtr@UIMFMediaType@@@WRL@Microsoft@@QEAA@XZ 0000000180007fe0 f i KiwiNativeCameraPlugin.obj
 0001:00006ff0       ??0?$ComPtr@UIMFSourceReader@@@WRL@Microsoft@@QEAA@AEBV012@@Z 0000000180007ff0 f i KiwiNativeCameraPlugin.obj
 0001:00007020       ??0?$ComPtr@UIMFSourceReader@@@WRL@Microsoft@@QEAA@XZ 0000000180008020 f i KiwiNativeCameraPlugin.obj
 0001:00007030       ??0?$ComPtr@UIMFSourceReaderEx@@@WRL@Microsoft@@QEAA@XZ 0000000180008030 f i KiwiNativeCameraPlugin.obj
 0001:00007040       ??0?$ComPtr@VCameraCallback@kiwi_camera_candidate@@@WRL@Microsoft@@QEAA@XZ 0000000180008040 f i KiwiNativeCameraPlugin.obj
 0001:00007050       ??0?$ComPtrRef@V?$ComPtr@UID3D10Blob@@@WRL@Microsoft@@@Details@WRL@Microsoft@@QEAA@PEAV?$ComPtr@UID3D10Blob@@@23@@Z 0000000180008050 f i KiwiNativeCameraPlugin.obj
 0001:00007060       ??0?$ComPtrRef@V?$ComPtr@UID3D10Multithread@@@WRL@Microsoft@@@Details@WRL@Microsoft@@QEAA@PEAV?$ComPtr@UID3D10Multithread@@@23@@Z 0000000180008060 f i KiwiNativeCameraPlugin.obj
 0001:00007070       ??0?$ComPtrRef@V?$ComPtr@UID3D11Buffer@@@WRL@Microsoft@@@Details@WRL@Microsoft@@QEAA@PEAV?$ComPtr@UID3D11Buffer@@@23@@Z 0000000180008070 f i KiwiNativeCameraPlugin.obj
 0001:00007080       ??0?$ComPtrRef@V?$ComPtr@UID3D11ComputeShader@@@WRL@Microsoft@@@Details@WRL@Microsoft@@QEAA@PEAV?$ComPtr@UID3D11ComputeShader@@@23@@Z 0000000180008080 f i KiwiNativeCameraPlugin.obj
 0001:00007090       ??0?$ComPtrRef@V?$ComPtr@UID3D11Device1@@@WRL@Microsoft@@@Details@WRL@Microsoft@@QEAA@PEAV?$ComPtr@UID3D11Device1@@@23@@Z 0000000180008090 f i KiwiNativeCameraPlugin.obj
 0001:000070a0       ??0?$ComPtrRef@V?$ComPtr@UID3D11Device5@@@WRL@Microsoft@@@Details@WRL@Microsoft@@QEAA@PEAV?$ComPtr@UID3D11Device5@@@23@@Z 00000001800080a0 f i KiwiNativeCameraPlugin.obj
 0001:000070b0       ??0?$ComPtrRef@V?$ComPtr@UID3D11Device@@@WRL@Microsoft@@@Details@WRL@Microsoft@@QEAA@PEAV?$ComPtr@UID3D11Device@@@23@@Z 00000001800080b0 f i KiwiNativeCameraPlugin.obj
 0001:000070c0       ??0?$ComPtrRef@V?$ComPtr@UID3D11DeviceContext4@@@WRL@Microsoft@@@Details@WRL@Microsoft@@QEAA@PEAV?$ComPtr@UID3D11DeviceContext4@@@23@@Z 00000001800080c0 f i KiwiNativeCameraPlugin.obj
 0001:000070d0       ??0?$ComPtrRef@V?$ComPtr@UID3D11DeviceContext@@@WRL@Microsoft@@@Details@WRL@Microsoft@@QEAA@PEAV?$ComPtr@UID3D11DeviceContext@@@23@@Z 00000001800080d0 f i KiwiNativeCameraPlugin.obj
 0001:000070e0       ??0?$ComPtrRef@V?$ComPtr@UID3D11Fence@@@WRL@Microsoft@@@Details@WRL@Microsoft@@QEAA@PEAV?$ComPtr@UID3D11Fence@@@23@@Z 00000001800080e0 f i KiwiNativeCameraPlugin.obj
 0001:000070f0       ??0?$ComPtrRef@V?$ComPtr@UID3D11ShaderResourceView1@@@WRL@Microsoft@@@Details@WRL@Microsoft@@QEAA@PEAV?$ComPtr@UID3D11ShaderResourceView1@@@23@@Z 00000001800080f0 f i KiwiNativeCameraPlugin.obj
 0001:00007100       ??0?$ComPtrRef@V?$ComPtr@UID3D11Texture2D@@@WRL@Microsoft@@@Details@WRL@Microsoft@@QEAA@PEAV?$ComPtr@UID3D11Texture2D@@@23@@Z 0000000180008100 f i KiwiNativeCameraPlugin.obj
 0001:00007110       ??0?$ComPtrRef@V?$ComPtr@UID3D11UnorderedAccessView@@@WRL@Microsoft@@@Details@WRL@Microsoft@@QEAA@PEAV?$ComPtr@UID3D11UnorderedAccessView@@@23@@Z 0000000180008110 f i KiwiNativeCameraPlugin.obj
 0001:00007120       ??0?$ComPtrRef@V?$ComPtr@UID3D12CompatibilityDevice@@@WRL@Microsoft@@@Details@WRL@Microsoft@@QEAA@PEAV?$ComPtr@UID3D12CompatibilityDevice@@@23@@Z 0000000180008120 f i KiwiNativeCameraPlugin.obj
 0001:00007130       ??0?$ComPtrRef@V?$ComPtr@UID3D12Fence@@@WRL@Microsoft@@@Details@WRL@Microsoft@@QEAA@PEAV?$ComPtr@UID3D12Fence@@@23@@Z 0000000180008130 f i KiwiNativeCameraPlugin.obj
 0001:00007140       ??0?$ComPtrRef@V?$ComPtr@UID3D12Resource@@@WRL@Microsoft@@@Details@WRL@Microsoft@@QEAA@PEAV?$ComPtr@UID3D12Resource@@@23@@Z 0000000180008140 f i KiwiNativeCameraPlugin.obj
 0001:00007150       ??0?$ComPtrRef@V?$ComPtr@UIDXGIAdapter1@@@WRL@Microsoft@@@Details@WRL@Microsoft@@QEAA@PEAV?$ComPtr@UIDXGIAdapter1@@@23@@Z 0000000180008150 f i KiwiNativeCameraPlugin.obj
 0001:00007160       ??0?$ComPtrRef@V?$ComPtr@UIDXGIFactory4@@@WRL@Microsoft@@@Details@WRL@Microsoft@@QEAA@PEAV?$ComPtr@UIDXGIFactory4@@@23@@Z 0000000180008160 f i KiwiNativeCameraPlugin.obj
 0001:00007170       ??0?$ComPtrRef@V?$ComPtr@UIMF2DBuffer2@@@WRL@Microsoft@@@Details@WRL@Microsoft@@QEAA@PEAV?$ComPtr@UIMF2DBuffer2@@@23@@Z 0000000180008170 f i KiwiNativeCameraPlugin.obj
 0001:00007180       ??0?$ComPtrRef@V?$ComPtr@UIMF2DBuffer@@@WRL@Microsoft@@@Details@WRL@Microsoft@@QEAA@PEAV?$ComPtr@UIMF2DBuffer@@@23@@Z 0000000180008180 f i KiwiNativeCameraPlugin.obj
 0001:00007190       ??0?$ComPtrRef@V?$ComPtr@UIMFAttributes@@@WRL@Microsoft@@@Details@WRL@Microsoft@@QEAA@PEAV?$ComPtr@UIMFAttributes@@@23@@Z 0000000180008190 f i KiwiNativeCameraPlugin.obj
 0001:000071a0       ??0?$ComPtrRef@V?$ComPtr@UIMFMediaBuffer@@@WRL@Microsoft@@@Details@WRL@Microsoft@@QEAA@PEAV?$ComPtr@UIMFMediaBuffer@@@23@@Z 00000001800081a0 f i KiwiNativeCameraPlugin.obj
 0001:000071b0       ??0?$ComPtrRef@V?$ComPtr@UIMFMediaSource@@@WRL@Microsoft@@@Details@WRL@Microsoft@@QEAA@PEAV?$ComPtr@UIMFMediaSource@@@23@@Z 00000001800081b0 f i KiwiNativeCameraPlugin.obj
 0001:000071c0       ??0?$ComPtrRef@V?$ComPtr@UIMFMediaType@@@WRL@Microsoft@@@Details@WRL@Microsoft@@QEAA@PEAV?$ComPtr@UIMFMediaType@@@23@@Z 00000001800081c0 f i KiwiNativeCameraPlugin.obj
 0001:000071d0       ??0?$ComPtrRef@V?$ComPtr@UIMFSourceReader@@@WRL@Microsoft@@@Details@WRL@Microsoft@@QEAA@PEAV?$ComPtr@UIMFSourceReader@@@23@@Z 00000001800081d0 f i KiwiNativeCameraPlugin.obj
 0001:000071e0       ??0?$ComPtrRef@V?$ComPtr@UIMFSourceReaderEx@@@WRL@Microsoft@@@Details@WRL@Microsoft@@QEAA@PEAV?$ComPtr@UIMFSourceReaderEx@@@23@@Z 00000001800081e0 f i KiwiNativeCameraPlugin.obj
 0001:000071f0       ??0?$_Atomic_integral@K$03@std@@QEAA@AEBK@Z 00000001800081f0 f i KiwiNativeCameraPlugin.obj
 0001:00007200       ??0?$_Atomic_integral_facade@K@std@@QEAA@AEBK@Z 0000000180008200 f i KiwiNativeCameraPlugin.obj
 0001:00007210       ??0?$_Atomic_storage@K$03@std@@QEAA@AEBK@Z 0000000180008210 f i KiwiNativeCameraPlugin.obj
 0001:00007220       ??0?$_String_const_iterator@V?$_String_val@U?$_Simple_types@_W@std@@@std@@@std@@QEAA@PEB_WPEBU_Container_base0@1@@Z 0000000180008220 f i KiwiNativeCameraPlugin.obj
 0001:00007230       ??0?$_String_iterator@V?$_String_val@U?$_Simple_types@_W@std@@@std@@@std@@QEAA@PEB_WPEBU_Container_base0@1@@Z 0000000180008230 f i KiwiNativeCameraPlugin.obj
 0001:00007240       ??0?$_String_val@U?$_Simple_types@D@std@@@std@@QEAA@XZ 0000000180008240 f i KiwiNativeCameraPlugin.obj
 0001:00007260       ??0?$_String_val@U?$_Simple_types@_W@std@@@std@@QEAA@XZ 0000000180008260 f i KiwiNativeCameraPlugin.obj
 0001:00007280       ??0?$_Uninitialized_backout_al@V?$allocator@E@std@@@std@@QEAA@PEAEAEAV?$allocator@E@1@@Z 0000000180008280 f i KiwiNativeCameraPlugin.obj
 0001:000072a0       ??0?$_Uninitialized_backout_al@V?$allocator@V?$ComPtr@UIMFActivate@@@WRL@Microsoft@@@std@@@std@@QEAA@PEAV?$ComPtr@UIMFActivate@@@WRL@Microsoft@@AEAV?$allocator@V?$ComPtr@UIMFActivate@@@WRL@Microsoft@@@1@@Z 00000001800082a0 f i KiwiNativeCameraPlugin.obj
 0001:000072c0       ??0?$_Uninitialized_backout_al@V?$allocator@V?$basic_string@_WU?$char_traits@_W@std@@V?$allocator@_W@2@@std@@@std@@@std@@QEAA@PEAV?$basic_string@_WU?$char_traits@_W@std@@V?$allocator@_W@2@@1@AEAV?$allocator@V?$basic_string@_WU?$char_traits@_W@std@@V?$allocator@_W@2@@std@@@1@@Z 00000001800082c0 f i KiwiNativeCameraPlugin.obj
 0001:000072e0       ??0?$_Vector_val@U?$_Simple_types@E@std@@@std@@QEAA@XZ 00000001800082e0 f i KiwiNativeCameraPlugin.obj
 0001:00007300       ??0?$_Vector_val@U?$_Simple_types@V?$ComPtr@UIMFActivate@@@WRL@Microsoft@@@std@@@std@@QEAA@XZ 0000000180008300 f i KiwiNativeCameraPlugin.obj
 0001:00007320       ??0?$_Vector_val@U?$_Simple_types@V?$basic_string@_WU?$char_traits@_W@std@@V?$allocator@_W@2@@std@@@std@@@std@@QEAA@XZ 0000000180008320 f i KiwiNativeCameraPlugin.obj
 0001:00007340       ??0?$allocator@D@std@@QEAA@XZ 0000000180008340 f i KiwiNativeCameraPlugin.obj
 0001:00007350       ??0?$allocator@E@std@@QEAA@XZ 0000000180008350 f i KiwiNativeCameraPlugin.obj
 0001:00007360       ??0?$allocator@V?$ComPtr@UIMFActivate@@@WRL@Microsoft@@@std@@QEAA@XZ 0000000180008360 f i KiwiNativeCameraPlugin.obj
 0001:00007370       ??0?$allocator@V?$basic_string@_WU?$char_traits@_W@std@@V?$allocator@_W@2@@std@@@std@@QEAA@XZ 0000000180008370 f i KiwiNativeCameraPlugin.obj
 0001:00007380       ??0?$allocator@_W@std@@QEAA@XZ 0000000180008380 f i KiwiNativeCameraPlugin.obj
 0001:00007390       ??0?$array@UCpuSlot@kiwi_camera_candidate@@$02@std@@QEAA@XZ 0000000180008390 f i KiwiNativeCameraPlugin.obj
 0001:000073e0       ??0?$array@UGpuSlot@kiwi_camera_candidate@@$02@std@@QEAA@XZ 00000001800083e0 f i KiwiNativeCameraPlugin.obj
 0001:00007430       ??0?$atomic@K@std@@QEAA@K@Z 0000000180008430 f i KiwiNativeCameraPlugin.obj
 0001:00007440       ??0?$basic_string@DU?$char_traits@D@std@@V?$allocator@D@2@@std@@QEAA@$$QEAV01@@Z 0000000180008440 f i KiwiNativeCameraPlugin.obj
 0001:00007480       ??0?$basic_string@DU?$char_traits@D@std@@V?$allocator@D@2@@std@@QEAA@QEBD@Z 0000000180008480 f i KiwiNativeCameraPlugin.obj
 0001:000074e0       ??0?$basic_string@DU?$char_traits@D@std@@V?$allocator@D@2@@std@@QEAA@XZ 00000001800084e0 f i KiwiNativeCameraPlugin.obj
 0001:00007510       ??0?$basic_string@_WU?$char_traits@_W@std@@V?$allocator@_W@2@@std@@QEAA@$$QEAV01@@Z 0000000180008510 f i KiwiNativeCameraPlugin.obj
 0001:00007550       ??0?$basic_string@_WU?$char_traits@_W@std@@V?$allocator@_W@2@@std@@QEAA@AEBV01@@Z 0000000180008550 f i KiwiNativeCameraPlugin.obj
 0001:00007680       ??0?$basic_string@_WU?$char_traits@_W@std@@V?$allocator@_W@2@@std@@QEAA@XZ 0000000180008680 f i KiwiNativeCameraPlugin.obj
 0001:000076b0       ??0?$lock_guard@Vmutex@std@@@std@@QEAA@AEAVmutex@1@@Z 00000001800086b0 f i KiwiNativeCameraPlugin.obj
 0001:00007720       ??0?$unique_lock@Vmutex@std@@@std@@QEAA@AEAVmutex@1@@Z 0000000180008720 f i KiwiNativeCameraPlugin.obj
 0001:000077a0       ??0?$vector@EV?$allocator@E@std@@@std@@QEAA@XZ 00000001800087a0 f i KiwiNativeCameraPlugin.obj
 0001:000077c0       ??0?$vector@V?$ComPtr@UIMFActivate@@@WRL@Microsoft@@V?$allocator@V?$ComPtr@UIMFActivate@@@WRL@Microsoft@@@std@@@std@@QEAA@XZ 00000001800087c0 f i KiwiNativeCameraPlugin.obj
 0001:000077e0       ??0?$vector@V?$basic_string@_WU?$char_traits@_W@std@@V?$allocator@_W@2@@std@@V?$allocator@V?$basic_string@_WU?$char_traits@_W@std@@V?$allocator@_W@2@@std@@@2@@std@@QEAA@XZ 00000001800087e0 f i KiwiNativeCameraPlugin.obj
 0001:00007800       ??0CameraCallback@kiwi_camera_candidate@@QEAA@XZ 0000000180008800 f i KiwiNativeCameraPlugin.obj
 0001:00007860       ??0CpuSlot@kiwi_camera_candidate@@QEAA@XZ 0000000180008860 f i KiwiNativeCameraPlugin.obj
 0001:00007890       ??0GpuSlot@kiwi_camera_candidate@@QEAA@XZ 0000000180008890 f i KiwiNativeCameraPlugin.obj
 0001:000078e0       ??0IMFSourceReaderCallback@@QEAA@XZ 00000001800088e0 f i KiwiNativeCameraPlugin.obj
 0001:000078f0       ??0IUnknown@@QEAA@XZ       00000001800088f0 f i KiwiNativeCameraPlugin.obj
 0001:00007900       ??0UnityInterfaceGUID@@QEAA@_K0@Z 0000000180008900 f i KiwiNativeCameraPlugin.obj
 0001:00007910       ??0_Bxty@?$_String_val@U?$_Simple_types@D@std@@@std@@QEAA@XZ 0000000180008910 f i KiwiNativeCameraPlugin.obj
 0001:00007920       ??0_Bxty@?$_String_val@U?$_Simple_types@_W@std@@@std@@QEAA@XZ 0000000180008920 f i KiwiNativeCameraPlugin.obj
 0001:00007930       ??0_Fake_proxy_ptr_impl@std@@QEAA@AEBU_Fake_allocator@1@AEBU_Container_base0@1@@Z 0000000180008930 f i KiwiNativeCameraPlugin.obj
 0001:00007940       ??0_Mutex_base@std@@QEAA@H@Z 0000000180008940 f i KiwiNativeCameraPlugin.obj
 0001:00007980       ??0bad_alloc@std@@AEAA@QEBD@Z 0000000180008980 f i KiwiNativeCameraPlugin.obj
 0001:000079a0       ??0bad_alloc@std@@QEAA@AEBV01@@Z 00000001800089a0 f i KiwiNativeCameraPlugin.obj
 0001:000079f0       ??0bad_array_new_length@std@@QEAA@AEBV01@@Z 00000001800089f0 f i KiwiNativeCameraPlugin.obj
 0001:00007a40       ??0bad_array_new_length@std@@QEAA@XZ 0000000180008a40 f i KiwiNativeCameraPlugin.obj
 0001:00007a70       ??0exception@std@@QEAA@AEBV01@@Z 0000000180008a70 f i KiwiNativeCameraPlugin.obj
 0001:00007ab0       ??0exception@std@@QEAA@QEBDH@Z 0000000180008ab0 f i KiwiNativeCameraPlugin.obj
 0001:00007ad0       ??0mutex@std@@QEAA@XZ      0000000180008ad0 f i KiwiNativeCameraPlugin.obj
 0001:00007b10       ??0thread@std@@QEAA@XZ     0000000180008b10 f i KiwiNativeCameraPlugin.obj
 0001:00007b20       ??1?$ComPtr@UID3D10Blob@@@WRL@Microsoft@@QEAA@XZ 0000000180008b20 f i KiwiNativeCameraPlugin.obj
 0001:00007b50       ??1?$ComPtr@UID3D10Multithread@@@WRL@Microsoft@@QEAA@XZ 0000000180008b50 f i KiwiNativeCameraPlugin.obj
 0001:00007b80       ??1?$ComPtr@UID3D11Buffer@@@WRL@Microsoft@@QEAA@XZ 0000000180008b80 f i KiwiNativeCameraPlugin.obj
 0001:00007bb0       ??1?$ComPtr@UID3D11ComputeShader@@@WRL@Microsoft@@QEAA@XZ 0000000180008bb0 f i KiwiNativeCameraPlugin.obj
 0001:00007be0       ??1?$ComPtr@UID3D11Device1@@@WRL@Microsoft@@QEAA@XZ 0000000180008be0 f i KiwiNativeCameraPlugin.obj
 0001:00007c10       ??1?$ComPtr@UID3D11Device5@@@WRL@Microsoft@@QEAA@XZ 0000000180008c10 f i KiwiNativeCameraPlugin.obj
 0001:00007c40       ??1?$ComPtr@UID3D11Device@@@WRL@Microsoft@@QEAA@XZ 0000000180008c40 f i KiwiNativeCameraPlugin.obj
 0001:00007c70       ??1?$ComPtr@UID3D11DeviceContext4@@@WRL@Microsoft@@QEAA@XZ 0000000180008c70 f i KiwiNativeCameraPlugin.obj
 0001:00007ca0       ??1?$ComPtr@UID3D11DeviceContext@@@WRL@Microsoft@@QEAA@XZ 0000000180008ca0 f i KiwiNativeCameraPlugin.obj
 0001:00007cd0       ??1?$ComPtr@UID3D11Fence@@@WRL@Microsoft@@QEAA@XZ 0000000180008cd0 f i KiwiNativeCameraPlugin.obj
 0001:00007d00       ??1?$ComPtr@UID3D11ShaderResourceView1@@@WRL@Microsoft@@QEAA@XZ 0000000180008d00 f i KiwiNativeCameraPlugin.obj
 0001:00007d30       ??1?$ComPtr@UID3D11Texture2D@@@WRL@Microsoft@@QEAA@XZ 0000000180008d30 f i KiwiNativeCameraPlugin.obj
 0001:00007d60       ??1?$ComPtr@UID3D11UnorderedAccessView@@@WRL@Microsoft@@QEAA@XZ 0000000180008d60 f i KiwiNativeCameraPlugin.obj
 0001:00007d90       ??1?$ComPtr@UID3D12CompatibilityDevice@@@WRL@Microsoft@@QEAA@XZ 0000000180008d90 f i KiwiNativeCameraPlugin.obj
 0001:00007dc0       ??1?$ComPtr@UID3D12Device@@@WRL@Microsoft@@QEAA@XZ 0000000180008dc0 f i KiwiNativeCameraPlugin.obj
 0001:00007df0       ??1?$ComPtr@UID3D12Fence@@@WRL@Microsoft@@QEAA@XZ 0000000180008df0 f i KiwiNativeCameraPlugin.obj
 0001:00007e20       ??1?$ComPtr@UID3D12Resource@@@WRL@Microsoft@@QEAA@XZ 0000000180008e20 f i KiwiNativeCameraPlugin.obj
 0001:00007e50       ??1?$ComPtr@UIDXGIAdapter1@@@WRL@Microsoft@@QEAA@XZ 0000000180008e50 f i KiwiNativeCameraPlugin.obj
 0001:00007e80       ??1?$ComPtr@UIDXGIFactory4@@@WRL@Microsoft@@QEAA@XZ 0000000180008e80 f i KiwiNativeCameraPlugin.obj
 0001:00007eb0       ??1?$ComPtr@UIMF2DBuffer2@@@WRL@Microsoft@@QEAA@XZ 0000000180008eb0 f i KiwiNativeCameraPlugin.obj
 0001:00007ee0       ??1?$ComPtr@UIMF2DBuffer@@@WRL@Microsoft@@QEAA@XZ 0000000180008ee0 f i KiwiNativeCameraPlugin.obj
 0001:00007f10       ??1?$ComPtr@UIMFActivate@@@WRL@Microsoft@@QEAA@XZ 0000000180008f10 f i KiwiNativeCameraPlugin.obj
 0001:00007f40       ??1?$ComPtr@UIMFAttributes@@@WRL@Microsoft@@QEAA@XZ 0000000180008f40 f i KiwiNativeCameraPlugin.obj
 0001:00007f70       ??1?$ComPtr@UIMFMediaBuffer@@@WRL@Microsoft@@QEAA@XZ 0000000180008f70 f i KiwiNativeCameraPlugin.obj
 0001:00007fa0       ??1?$ComPtr@UIMFMediaSource@@@WRL@Microsoft@@QEAA@XZ 0000000180008fa0 f i KiwiNativeCameraPlugin.obj
 0001:00007fd0       ??1?$ComPtr@UIMFMediaType@@@WRL@Microsoft@@QEAA@XZ 0000000180008fd0 f i KiwiNativeCameraPlugin.obj
 0001:00008000       ??1?$ComPtr@UIMFSourceReader@@@WRL@Microsoft@@QEAA@XZ 0000000180009000 f i KiwiNativeCameraPlugin.obj
 0001:00008030       ??1?$ComPtr@UIMFSourceReaderEx@@@WRL@Microsoft@@QEAA@XZ 0000000180009030 f i KiwiNativeCameraPlugin.obj
 0001:00008060       ??1?$ComPtr@VCameraCallback@kiwi_camera_candidate@@@WRL@Microsoft@@QEAA@XZ 0000000180009060 f i KiwiNativeCameraPlugin.obj
 0001:00008070       ??1?$_Compressed_pair@V?$allocator@D@std@@V?$_String_val@U?$_Simple_types@D@std@@@2@$00@std@@QEAA@XZ 0000000180009070 f i KiwiNativeCameraPlugin.obj
 0001:00008080       ??1?$_Compressed_pair@V?$allocator@_W@std@@V?$_String_val@U?$_Simple_types@_W@std@@@2@$00@std@@QEAA@XZ 0000000180009080 f i KiwiNativeCameraPlugin.obj
 0001:00008090       ??1?$_String_val@U?$_Simple_types@D@std@@@std@@QEAA@XZ 0000000180009090 f i KiwiNativeCameraPlugin.obj
 0001:000080a0       ??1?$_String_val@U?$_Simple_types@_W@std@@@std@@QEAA@XZ 00000001800090a0 f i KiwiNativeCameraPlugin.obj
 0001:000080b0       ??1?$_Uninitialized_backout_al@V?$allocator@E@std@@@std@@QEAA@XZ 00000001800090b0 f i KiwiNativeCameraPlugin.obj
 0001:000080c0       ??1?$_Uninitialized_backout_al@V?$allocator@V?$ComPtr@UIMFActivate@@@WRL@Microsoft@@@std@@@std@@QEAA@XZ 00000001800090c0 f i KiwiNativeCameraPlugin.obj
 0001:00008120       ??1?$_Uninitialized_backout_al@V?$allocator@V?$basic_string@_WU?$char_traits@_W@std@@V?$allocator@_W@2@@std@@@std@@@std@@QEAA@XZ 0000000180009120 f i KiwiNativeCameraPlugin.obj
 0001:00008160       ??1?$array@UCpuSlot@kiwi_camera_candidate@@$02@std@@QEAA@XZ 0000000180009160 f i KiwiNativeCameraPlugin.obj
 0001:00008190       ??1?$array@UGpuSlot@kiwi_camera_candidate@@$02@std@@QEAA@XZ 0000000180009190 f i KiwiNativeCameraPlugin.obj
 0001:000081c0       ??1?$basic_string@DU?$char_traits@D@std@@V?$allocator@D@2@@std@@QEAA@XZ 00000001800091c0 f i KiwiNativeCameraPlugin.obj
 0001:000081d0       ??1?$basic_string@_WU?$char_traits@_W@std@@V?$allocator@_W@2@@std@@QEAA@XZ 00000001800091d0 f i KiwiNativeCameraPlugin.obj
 0001:00008260       ??1?$lock_guard@Vmutex@std@@@std@@QEAA@XZ 0000000180009260 f i KiwiNativeCameraPlugin.obj
 0001:00008270       ??1?$unique_lock@Vmutex@std@@@std@@QEAA@XZ 0000000180009270 f i KiwiNativeCameraPlugin.obj
 0001:00008290       ??1?$unique_ptr@V?$tuple@P6AXXZ@std@@U?$default_delete@V?$tuple@P6AXXZ@std@@@2@@std@@QEAA@XZ 0000000180009290 f i KiwiNativeCameraPlugin.obj
 0001:000082b0       ??1?$vector@EV?$allocator@E@std@@@std@@QEAA@XZ 00000001800092b0 f i KiwiNativeCameraPlugin.obj
 0001:00008340       ??1?$vector@V?$ComPtr@UIMFActivate@@@WRL@Microsoft@@V?$allocator@V?$ComPtr@UIMFActivate@@@WRL@Microsoft@@@std@@@std@@QEAA@XZ 0000000180009340 f i KiwiNativeCameraPlugin.obj
 0001:00008430       ??1?$vector@V?$basic_string@_WU?$char_traits@_W@std@@V?$allocator@_W@2@@std@@V?$allocator@V?$basic_string@_WU?$char_traits@_W@std@@V?$allocator@_W@2@@std@@@2@@std@@QEAA@XZ 0000000180009430 f i KiwiNativeCameraPlugin.obj
 0001:00008500       ??1CameraCallback@kiwi_camera_candidate@@AEAA@XZ 0000000180009500 f i KiwiNativeCameraPlugin.obj
 0001:00008530       ??1CpuSlot@kiwi_camera_candidate@@QEAA@XZ 0000000180009530 f i KiwiNativeCameraPlugin.obj
 0001:00008540       ??1GpuSlot@kiwi_camera_candidate@@QEAA@XZ 0000000180009540 f i KiwiNativeCameraPlugin.obj
 0001:00008610       ??1_Bxty@?$_String_val@U?$_Simple_types@D@std@@@std@@QEAA@XZ 0000000180009610 f i KiwiNativeCameraPlugin.obj
 0001:00008620       ??1_Bxty@?$_String_val@U?$_Simple_types@_W@std@@@std@@QEAA@XZ 0000000180009620 f i KiwiNativeCameraPlugin.obj
 0001:00008630       ??1_Reallocation_guard@?$vector@EV?$allocator@E@std@@@std@@QEAA@XZ 0000000180009630 f i KiwiNativeCameraPlugin.obj
 0001:000086b0       ??1_Reallocation_guard@?$vector@V?$ComPtr@UIMFActivate@@@WRL@Microsoft@@V?$allocator@V?$ComPtr@UIMFActivate@@@WRL@Microsoft@@@std@@@std@@QEAA@XZ 00000001800096b0 f i KiwiNativeCameraPlugin.obj
 0001:00008790       ??1_Reallocation_guard@?$vector@V?$basic_string@_WU?$char_traits@_W@std@@V?$allocator@_W@2@@std@@V?$allocator@V?$basic_string@_WU?$char_traits@_W@std@@V?$allocator@_W@2@@std@@@2@@std@@QEAA@XZ 0000000180009790 f i KiwiNativeCameraPlugin.obj
 0001:00008850       ??1_Simple_reallocation_guard@?$vector@V?$ComPtr@UIMFActivate@@@WRL@Microsoft@@V?$allocator@V?$ComPtr@UIMFActivate@@@WRL@Microsoft@@@std@@@std@@QEAA@XZ 0000000180009850 f i KiwiNativeCameraPlugin.obj
 0001:000088d0       ??1_Simple_reallocation_guard@?$vector@V?$basic_string@_WU?$char_traits@_W@std@@V?$allocator@_W@2@@std@@V?$allocator@V?$basic_string@_WU?$char_traits@_W@std@@V?$allocator@_W@2@@std@@@2@@std@@QEAA@XZ 00000001800098d0 f i KiwiNativeCameraPlugin.obj
 0001:00008950       ??1bad_alloc@std@@UEAA@XZ  0000000180009950 f i KiwiNativeCameraPlugin.obj
 0001:00008970       ??1bad_array_new_length@std@@UEAA@XZ 0000000180009970 f i KiwiNativeCameraPlugin.obj
 0001:00008990       ??1exception@std@@UEAA@XZ  0000000180009990 f i KiwiNativeCameraPlugin.obj
 0001:000089b0       ??1thread@std@@QEAA@XZ     00000001800099b0 f i KiwiNativeCameraPlugin.obj
 0001:000089d0       ??2@YAPEAX_KPEAX@Z         00000001800099d0 f i KiwiNativeCameraPlugin.obj
 0001:000089e0       ??4?$ComPtr@UID3D11ShaderResourceView1@@@WRL@Microsoft@@QEAAAEAV012@$$QEAV012@@Z 00000001800099e0 f i KiwiNativeCameraPlugin.obj
 0001:00008a30       ??4?$ComPtr@UID3D11Texture2D@@@WRL@Microsoft@@QEAAAEAV012@$$QEAV012@@Z 0000000180009a30 f i KiwiNativeCameraPlugin.obj
 0001:00008a80       ??4?$ComPtr@UID3D11UnorderedAccessView@@@WRL@Microsoft@@QEAAAEAV012@$$QEAV012@@Z 0000000180009a80 f i KiwiNativeCameraPlugin.obj
 0001:00008ad0       ??4?$ComPtr@UID3D12Device@@@WRL@Microsoft@@QEAAAEAV012@PEAUID3D12Device@@@Z 0000000180009ad0 f i KiwiNativeCameraPlugin.obj
 0001:00008b30       ??4?$ComPtr@UID3D12Fence@@@WRL@Microsoft@@QEAAAEAV012@PEAUID3D12Fence@@@Z 0000000180009b30 f i KiwiNativeCameraPlugin.obj
 0001:00008b90       ??4?$ComPtr@UID3D12Resource@@@WRL@Microsoft@@QEAAAEAV012@$$QEAV012@@Z 0000000180009b90 f i KiwiNativeCameraPlugin.obj
 0001:00008be0       ??4?$ComPtr@UIMFMediaType@@@WRL@Microsoft@@QEAAAEAV012@AEBV012@@Z 0000000180009be0 f i KiwiNativeCameraPlugin.obj
 0001:00008c40       ??4?$ComPtr@UIMFSourceReader@@@WRL@Microsoft@@QEAAAEAV012@AEBV012@@Z 0000000180009c40 f i KiwiNativeCameraPlugin.obj
 0001:00008ca0       ??4?$ComPtr@UIMFSourceReader@@@WRL@Microsoft@@QEAAAEAV012@PEAUIMFSourceReader@@@Z 0000000180009ca0 f i KiwiNativeCameraPlugin.obj
 0001:00008d00       ??4?$basic_string@DU?$char_traits@D@std@@V?$allocator@D@2@@std@@QEAAAEAV01@$$QEAV01@@Z 0000000180009d00 f i KiwiNativeCameraPlugin.obj
 0001:00008dd0       ??4GpuSlot@kiwi_camera_candidate@@QEAAAEAU01@$$QEAU01@@Z 0000000180009dd0 f i KiwiNativeCameraPlugin.obj
 0001:00008fb0       ??4thread@std@@QEAAAEAV01@$$QEAV01@@Z 0000000180009fb0 f i KiwiNativeCameraPlugin.obj
 0001:00008fe0       ??A?$array@UCpuSlot@kiwi_camera_candidate@@$02@std@@QEAAAEAUCpuSlot@kiwi_camera_candidate@@_K@Z 0000000180009fe0 f i KiwiNativeCameraPlugin.obj
 0001:00008ff0       ??A?$array@UGpuSlot@kiwi_camera_candidate@@$02@std@@QEAAAEAUGpuSlot@kiwi_camera_candidate@@_K@Z 0000000180009ff0 f i KiwiNativeCameraPlugin.obj
 0001:00009000       ??A?$vector@V?$ComPtr@UIMFActivate@@@WRL@Microsoft@@V?$allocator@V?$ComPtr@UIMFActivate@@@WRL@Microsoft@@@std@@@std@@QEAAAEAV?$ComPtr@UIMFActivate@@@WRL@Microsoft@@_K@Z 000000018000a000 f i KiwiNativeCameraPlugin.obj
 0001:00009010       ??A?$vector@V?$basic_string@_WU?$char_traits@_W@std@@V?$allocator@_W@2@@std@@V?$allocator@V?$basic_string@_WU?$char_traits@_W@std@@V?$allocator@_W@2@@std@@@2@@std@@QEAAAEAV?$basic_string@_WU?$char_traits@_W@std@@V?$allocator@_W@2@@1@_K@Z 000000018000a010 f i KiwiNativeCameraPlugin.obj
 0001:00009020       ??B?$ComPtr@UID3D10Blob@@@WRL@Microsoft@@QEBAPEQBoolStruct@Details@12@HXZ 000000018000a020 f i KiwiNativeCameraPlugin.obj
 0001:00009030       ??B?$ComPtr@UID3D10Multithread@@@WRL@Microsoft@@QEBAPEQBoolStruct@Details@12@HXZ 000000018000a030 f i KiwiNativeCameraPlugin.obj
 0001:00009040       ??B?$ComPtr@UID3D11Device@@@WRL@Microsoft@@QEBAPEQBoolStruct@Details@12@HXZ 000000018000a040 f i KiwiNativeCameraPlugin.obj
 0001:00009050       ??B?$ComPtr@UID3D12Device@@@WRL@Microsoft@@QEBAPEQBoolStruct@Details@12@HXZ 000000018000a050 f i KiwiNativeCameraPlugin.obj
 0001:00009060       ??B?$ComPtr@UID3D12Fence@@@WRL@Microsoft@@QEBAPEQBoolStruct@Details@12@HXZ 000000018000a060 f i KiwiNativeCameraPlugin.obj
 0001:00009070       ??B?$ComPtr@UID3D12Resource@@@WRL@Microsoft@@QEBAPEQBoolStruct@Details@12@HXZ 000000018000a070 f i KiwiNativeCameraPlugin.obj
 0001:00009080       ??B?$ComPtr@UIMFMediaBuffer@@@WRL@Microsoft@@QEBAPEQBoolStruct@Details@12@HXZ 000000018000a080 f i KiwiNativeCameraPlugin.obj
 0001:00009090       ??B?$ComPtr@UIMFMediaSource@@@WRL@Microsoft@@QEBAPEQBoolStruct@Details@12@HXZ 000000018000a090 f i KiwiNativeCameraPlugin.obj
 0001:000090a0       ??B?$ComPtr@UIMFMediaType@@@WRL@Microsoft@@QEBAPEQBoolStruct@Details@12@HXZ 000000018000a0a0 f i KiwiNativeCameraPlugin.obj
 0001:000090b0       ??B?$ComPtr@UIMFSourceReader@@@WRL@Microsoft@@QEBAPEQBoolStruct@Details@12@HXZ 000000018000a0b0 f i KiwiNativeCameraPlugin.obj
 0001:000090c0       ??B?$ComPtr@VCameraCallback@kiwi_camera_candidate@@@WRL@Microsoft@@QEBAPEQBoolStruct@Details@12@HXZ 000000018000a0c0 f i KiwiNativeCameraPlugin.obj
 0001:000090d0       ??B?$ComPtrRef@V?$ComPtr@UID3D10Blob@@@WRL@Microsoft@@@Details@WRL@Microsoft@@QEAAPEAPEAUID3D10Blob@@XZ 000000018000a0d0 f i KiwiNativeCameraPlugin.obj
 0001:00009110       ??B?$ComPtrRef@V?$ComPtr@UID3D10Multithread@@@WRL@Microsoft@@@Details@WRL@Microsoft@@QEBAPEAPEAXXZ 000000018000a110 f i KiwiNativeCameraPlugin.obj
 0001:00009150       ??B?$ComPtrRef@V?$ComPtr@UID3D11Buffer@@@WRL@Microsoft@@@Details@WRL@Microsoft@@QEAAPEAPEAUID3D11Buffer@@XZ 000000018000a150 f i KiwiNativeCameraPlugin.obj
 0001:00009190       ??B?$ComPtrRef@V?$ComPtr@UID3D11ComputeShader@@@WRL@Microsoft@@@Details@WRL@Microsoft@@QEAAPEAPEAUID3D11ComputeShader@@XZ 000000018000a190 f i KiwiNativeCameraPlugin.obj
 0001:000091d0       ??B?$ComPtrRef@V?$ComPtr@UID3D11Device1@@@WRL@Microsoft@@@Details@WRL@Microsoft@@QEBAPEAPEAXXZ 000000018000a1d0 f i KiwiNativeCameraPlugin.obj
 0001:00009210       ??B?$ComPtrRef@V?$ComPtr@UID3D11Device5@@@WRL@Microsoft@@@Details@WRL@Microsoft@@QEBAPEAPEAXXZ 000000018000a210 f i KiwiNativeCameraPlugin.obj
 0001:00009250       ??B?$ComPtrRef@V?$ComPtr@UID3D11Device@@@WRL@Microsoft@@@Details@WRL@Microsoft@@QEAAPEAPEAUID3D11Device@@XZ 000000018000a250 f i KiwiNativeCameraPlugin.obj
 0001:00009290       ??B?$ComPtrRef@V?$ComPtr@UID3D11DeviceContext4@@@WRL@Microsoft@@@Details@WRL@Microsoft@@QEBAPEAPEAXXZ 000000018000a290 f i KiwiNativeCameraPlugin.obj
 0001:000092d0       ??B?$ComPtrRef@V?$ComPtr@UID3D11DeviceContext@@@WRL@Microsoft@@@Details@WRL@Microsoft@@QEAAPEAPEAUID3D11DeviceContext@@XZ 000000018000a2d0 f i KiwiNativeCameraPlugin.obj
 0001:00009310       ??B?$ComPtrRef@V?$ComPtr@UID3D11Fence@@@WRL@Microsoft@@@Details@WRL@Microsoft@@QEBAPEAPEAXXZ 000000018000a310 f i KiwiNativeCameraPlugin.obj
 0001:00009350       ??B?$ComPtrRef@V?$ComPtr@UID3D11ShaderResourceView1@@@WRL@Microsoft@@@Details@WRL@Microsoft@@QEAAPEAPEAUID3D11ShaderResourceView1@@XZ 000000018000a350 f i KiwiNativeCameraPlugin.obj
 0001:00009390       ??B?$ComPtrRef@V?$ComPtr@UID3D11Texture2D@@@WRL@Microsoft@@@Details@WRL@Microsoft@@QEAAPEAPEAUID3D11Texture2D@@XZ 000000018000a390 f i KiwiNativeCameraPlugin.obj
 0001:000093d0       ??B?$ComPtrRef@V?$ComPtr@UID3D11Texture2D@@@WRL@Microsoft@@@Details@WRL@Microsoft@@QEBAPEAPEAXXZ 000000018000a3d0 f i KiwiNativeCameraPlugin.obj
 0001:00009410       ??B?$ComPtrRef@V?$ComPtr@UID3D11UnorderedAccessView@@@WRL@Microsoft@@@Details@WRL@Microsoft@@QEAAPEAPEAUID3D11UnorderedAccessView@@XZ 000000018000a410 f i KiwiNativeCameraPlugin.obj
 0001:00009450       ??B?$ComPtrRef@V?$ComPtr@UID3D12CompatibilityDevice@@@WRL@Microsoft@@@Details@WRL@Microsoft@@QEBAPEAPEAXXZ 000000018000a450 f i KiwiNativeCameraPlugin.obj
 0001:00009490       ??B?$ComPtrRef@V?$ComPtr@UID3D12Fence@@@WRL@Microsoft@@@Details@WRL@Microsoft@@QEBAPEAPEAXXZ 000000018000a490 f i KiwiNativeCameraPlugin.obj
 0001:000094d0       ??B?$ComPtrRef@V?$ComPtr@UID3D12Resource@@@WRL@Microsoft@@@Details@WRL@Microsoft@@QEBAPEAPEAXXZ 000000018000a4d0 f i KiwiNativeCameraPlugin.obj
 0001:00009510       ??B?$ComPtrRef@V?$ComPtr@UIDXGIAdapter1@@@WRL@Microsoft@@@Details@WRL@Microsoft@@QEBAPEAPEAXXZ 000000018000a510 f i KiwiNativeCameraPlugin.obj
 0001:00009550       ??B?$ComPtrRef@V?$ComPtr@UIDXGIFactory4@@@WRL@Microsoft@@@Details@WRL@Microsoft@@QEBAPEAPEAXXZ 000000018000a550 f i KiwiNativeCameraPlugin.obj
 0001:00009590       ??B?$ComPtrRef@V?$ComPtr@UIMF2DBuffer2@@@WRL@Microsoft@@@Details@WRL@Microsoft@@QEBAPEAPEAXXZ 000000018000a590 f i KiwiNativeCameraPlugin.obj
 0001:000095d0       ??B?$ComPtrRef@V?$ComPtr@UIMF2DBuffer@@@WRL@Microsoft@@@Details@WRL@Microsoft@@QEBAPEAPEAXXZ 000000018000a5d0 f i KiwiNativeCameraPlugin.obj
 0001:00009610       ??B?$ComPtrRef@V?$ComPtr@UIMFAttributes@@@WRL@Microsoft@@@Details@WRL@Microsoft@@QEAAPEAPEAUIMFAttributes@@XZ 000000018000a610 f i KiwiNativeCameraPlugin.obj
 0001:00009650       ??B?$ComPtrRef@V?$ComPtr@UIMFMediaBuffer@@@WRL@Microsoft@@@Details@WRL@Microsoft@@QEAAPEAPEAUIMFMediaBuffer@@XZ 000000018000a650 f i KiwiNativeCameraPlugin.obj
 0001:00009690       ??B?$ComPtrRef@V?$ComPtr@UIMFMediaSource@@@WRL@Microsoft@@@Details@WRL@Microsoft@@QEAAPEAPEAUIMFMediaSource@@XZ 000000018000a690 f i KiwiNativeCameraPlugin.obj
 0001:000096d0       ??B?$ComPtrRef@V?$ComPtr@UIMFMediaType@@@WRL@Microsoft@@@Details@WRL@Microsoft@@QEAAPEAPEAUIMFMediaType@@XZ 000000018000a6d0 f i KiwiNativeCameraPlugin.obj
 0001:00009710       ??B?$ComPtrRef@V?$ComPtr@UIMFSourceReader@@@WRL@Microsoft@@@Details@WRL@Microsoft@@QEAAPEAPEAUIMFSourceReader@@XZ 000000018000a710 f i KiwiNativeCameraPlugin.obj
 0001:00009750       ??B?$ComPtrRef@V?$ComPtr@UIMFSourceReaderEx@@@WRL@Microsoft@@@Details@WRL@Microsoft@@QEBAPEAPEAXXZ 000000018000a750 f i KiwiNativeCameraPlugin.obj
 0001:00009790       ??C?$ComPtr@UID3D10Blob@@@WRL@Microsoft@@QEBAPEAUID3D10Blob@@XZ 000000018000a790 f i KiwiNativeCameraPlugin.obj
 0001:000097a0       ??C?$ComPtr@UID3D10Multithread@@@WRL@Microsoft@@QEBAPEAUID3D10Multithread@@XZ 000000018000a7a0 f i KiwiNativeCameraPlugin.obj
 0001:000097b0       ??C?$ComPtr@UID3D11Device1@@@WRL@Microsoft@@QEBAPEAUID3D11Device1@@XZ 000000018000a7b0 f i KiwiNativeCameraPlugin.obj
 0001:000097c0       ??C?$ComPtr@UID3D11Device5@@@WRL@Microsoft@@QEBAPEAUID3D11Device5@@XZ 000000018000a7c0 f i KiwiNativeCameraPlugin.obj
 0001:000097d0       ??C?$ComPtr@UID3D11Device@@@WRL@Microsoft@@QEBAPEAUID3D11Device@@XZ 000000018000a7d0 f i KiwiNativeCameraPlugin.obj
 0001:000097e0       ??C?$ComPtr@UID3D11DeviceContext4@@@WRL@Microsoft@@QEBAPEAUID3D11DeviceContext4@@XZ 000000018000a7e0 f i KiwiNativeCameraPlugin.obj
 0001:000097f0       ??C?$ComPtr@UID3D11DeviceContext@@@WRL@Microsoft@@QEBAPEAUID3D11DeviceContext@@XZ 000000018000a7f0 f i KiwiNativeCameraPlugin.obj
 0001:00009800       ??C?$ComPtr@UID3D11Texture2D@@@WRL@Microsoft@@QEBAPEAUID3D11Texture2D@@XZ 000000018000a800 f i KiwiNativeCameraPlugin.obj
 0001:00009810       ??C?$ComPtr@UID3D12CompatibilityDevice@@@WRL@Microsoft@@QEBAPEAUID3D12CompatibilityDevice@@XZ 000000018000a810 f i KiwiNativeCameraPlugin.obj
 0001:00009820       ??C?$ComPtr@UID3D12Device@@@WRL@Microsoft@@QEBAPEAUID3D12Device@@XZ 000000018000a820 f i KiwiNativeCameraPlugin.obj
 0001:00009830       ??C?$ComPtr@UID3D12Fence@@@WRL@Microsoft@@QEBAPEAUID3D12Fence@@XZ 000000018000a830 f i KiwiNativeCameraPlugin.obj
 0001:00009840       ??C?$ComPtr@UIDXGIFactory4@@@WRL@Microsoft@@QEBAPEAUIDXGIFactory4@@XZ 000000018000a840 f i KiwiNativeCameraPlugin.obj
 0001:00009850       ??C?$ComPtr@UIMF2DBuffer2@@@WRL@Microsoft@@QEBAPEAUIMF2DBuffer2@@XZ 000000018000a850 f i KiwiNativeCameraPlugin.obj
 0001:00009860       ??C?$ComPtr@UIMF2DBuffer@@@WRL@Microsoft@@QEBAPEAUIMF2DBuffer@@XZ 000000018000a860 f i KiwiNativeCameraPlugin.obj
 0001:00009870       ??C?$ComPtr@UIMFActivate@@@WRL@Microsoft@@QEBAPEAUIMFActivate@@XZ 000000018000a870 f i KiwiNativeCameraPlugin.obj
 0001:00009880       ??C?$ComPtr@UIMFAttributes@@@WRL@Microsoft@@QEBAPEAUIMFAttributes@@XZ 000000018000a880 f i KiwiNativeCameraPlugin.obj
 0001:00009890       ??C?$ComPtr@UIMFMediaSource@@@WRL@Microsoft@@QEBAPEAUIMFMediaSource@@XZ 000000018000a890 f i KiwiNativeCameraPlugin.obj
 0001:000098a0       ??C?$ComPtr@UIMFSourceReader@@@WRL@Microsoft@@QEBAPEAUIMFSourceReader@@XZ 000000018000a8a0 f i KiwiNativeCameraPlugin.obj
 0001:000098b0       ??C?$ComPtr@UIMFSourceReaderEx@@@WRL@Microsoft@@QEBAPEAUIMFSourceReaderEx@@XZ 000000018000a8b0 f i KiwiNativeCameraPlugin.obj
 0001:000098c0       ??C?$ComPtr@VCameraCallback@kiwi_camera_candidate@@@WRL@Microsoft@@QEBAPEAVCameraCallback@kiwi_camera_candidate@@XZ 000000018000a8c0 f i KiwiNativeCameraPlugin.obj
 0001:000098d0       ??I?$ComPtr@UID3D10Blob@@@WRL@Microsoft@@QEAA?AV?$ComPtrRef@V?$ComPtr@UID3D10Blob@@@WRL@Microsoft@@@Details@12@XZ 000000018000a8d0 f i KiwiNativeCameraPlugin.obj
 0001:000098e0       ??I?$ComPtr@UID3D10Multithread@@@WRL@Microsoft@@QEAA?AV?$ComPtrRef@V?$ComPtr@UID3D10Multithread@@@WRL@Microsoft@@@Details@12@XZ 000000018000a8e0 f i KiwiNativeCameraPlugin.obj
 0001:000098f0       ??I?$ComPtr@UID3D11Buffer@@@WRL@Microsoft@@QEAA?AV?$ComPtrRef@V?$ComPtr@UID3D11Buffer@@@WRL@Microsoft@@@Details@12@XZ 000000018000a8f0 f i KiwiNativeCameraPlugin.obj
 0001:00009900       ??I?$ComPtr@UID3D11ComputeShader@@@WRL@Microsoft@@QEAA?AV?$ComPtrRef@V?$ComPtr@UID3D11ComputeShader@@@WRL@Microsoft@@@Details@12@XZ 000000018000a900 f i KiwiNativeCameraPlugin.obj
 0001:00009910       ??I?$ComPtr@UID3D11Device1@@@WRL@Microsoft@@QEAA?AV?$ComPtrRef@V?$ComPtr@UID3D11Device1@@@WRL@Microsoft@@@Details@12@XZ 000000018000a910 f i KiwiNativeCameraPlugin.obj
 0001:00009920       ??I?$ComPtr@UID3D11Device5@@@WRL@Microsoft@@QEAA?AV?$ComPtrRef@V?$ComPtr@UID3D11Device5@@@WRL@Microsoft@@@Details@12@XZ 000000018000a920 f i KiwiNativeCameraPlugin.obj
 0001:00009930       ??I?$ComPtr@UID3D11Device@@@WRL@Microsoft@@QEAA?AV?$ComPtrRef@V?$ComPtr@UID3D11Device@@@WRL@Microsoft@@@Details@12@XZ 000000018000a930 f i KiwiNativeCameraPlugin.obj
 0001:00009940       ??I?$ComPtr@UID3D11DeviceContext4@@@WRL@Microsoft@@QEAA?AV?$ComPtrRef@V?$ComPtr@UID3D11DeviceContext4@@@WRL@Microsoft@@@Details@12@XZ 000000018000a940 f i KiwiNativeCameraPlugin.obj
 0001:00009950       ??I?$ComPtr@UID3D11DeviceContext@@@WRL@Microsoft@@QEAA?AV?$ComPtrRef@V?$ComPtr@UID3D11DeviceContext@@@WRL@Microsoft@@@Details@12@XZ 000000018000a950 f i KiwiNativeCameraPlugin.obj
 0001:00009960       ??I?$ComPtr@UID3D11Fence@@@WRL@Microsoft@@QEAA?AV?$ComPtrRef@V?$ComPtr@UID3D11Fence@@@WRL@Microsoft@@@Details@12@XZ 000000018000a960 f i KiwiNativeCameraPlugin.obj
 0001:00009970       ??I?$ComPtr@UID3D11ShaderResourceView1@@@WRL@Microsoft@@QEAA?AV?$ComPtrRef@V?$ComPtr@UID3D11ShaderResourceView1@@@WRL@Microsoft@@@Details@12@XZ 000000018000a970 f i KiwiNativeCameraPlugin.obj
 0001:00009980       ??I?$ComPtr@UID3D11Texture2D@@@WRL@Microsoft@@QEAA?AV?$ComPtrRef@V?$ComPtr@UID3D11Texture2D@@@WRL@Microsoft@@@Details@12@XZ 000000018000a980 f i KiwiNativeCameraPlugin.obj
 0001:00009990       ??I?$ComPtr@UID3D11UnorderedAccessView@@@WRL@Microsoft@@QEAA?AV?$ComPtrRef@V?$ComPtr@UID3D11UnorderedAccessView@@@WRL@Microsoft@@@Details@12@XZ 000000018000a990 f i KiwiNativeCameraPlugin.obj
 0001:000099a0       ??I?$ComPtr@UID3D12CompatibilityDevice@@@WRL@Microsoft@@QEAA?AV?$ComPtrRef@V?$ComPtr@UID3D12CompatibilityDevice@@@WRL@Microsoft@@@Details@12@XZ 000000018000a9a0 f i KiwiNativeCameraPlugin.obj
 0001:000099b0       ??I?$ComPtr@UID3D12Fence@@@WRL@Microsoft@@QEAA?AV?$ComPtrRef@V?$ComPtr@UID3D12Fence@@@WRL@Microsoft@@@Details@12@XZ 000000018000a9b0 f i KiwiNativeCameraPlugin.obj
 0001:000099c0       ??I?$ComPtr@UID3D12Resource@@@WRL@Microsoft@@QEAA?AV?$ComPtrRef@V?$ComPtr@UID3D12Resource@@@WRL@Microsoft@@@Details@12@XZ 000000018000a9c0 f i KiwiNativeCameraPlugin.obj
 0001:000099d0       ??I?$ComPtr@UIDXGIAdapter1@@@WRL@Microsoft@@QEAA?AV?$ComPtrRef@V?$ComPtr@UIDXGIAdapter1@@@WRL@Microsoft@@@Details@12@XZ 000000018000a9d0 f i KiwiNativeCameraPlugin.obj
 0001:000099e0       ??I?$ComPtr@UIDXGIFactory4@@@WRL@Microsoft@@QEAA?AV?$ComPtrRef@V?$ComPtr@UIDXGIFactory4@@@WRL@Microsoft@@@Details@12@XZ 000000018000a9e0 f i KiwiNativeCameraPlugin.obj
 0001:000099f0       ??I?$ComPtr@UIMF2DBuffer2@@@WRL@Microsoft@@QEAA?AV?$ComPtrRef@V?$ComPtr@UIMF2DBuffer2@@@WRL@Microsoft@@@Details@12@XZ 000000018000a9f0 f i KiwiNativeCameraPlugin.obj
 0001:00009a00       ??I?$ComPtr@UIMF2DBuffer@@@WRL@Microsoft@@QEAA?AV?$ComPtrRef@V?$ComPtr@UIMF2DBuffer@@@WRL@Microsoft@@@Details@12@XZ 000000018000aa00 f i KiwiNativeCameraPlugin.obj
 0001:00009a10       ??I?$ComPtr@UIMFAttributes@@@WRL@Microsoft@@QEAA?AV?$ComPtrRef@V?$ComPtr@UIMFAttributes@@@WRL@Microsoft@@@Details@12@XZ 000000018000aa10 f i KiwiNativeCameraPlugin.obj
 0001:00009a20       ??I?$ComPtr@UIMFMediaBuffer@@@WRL@Microsoft@@QEAA?AV?$ComPtrRef@V?$ComPtr@UIMFMediaBuffer@@@WRL@Microsoft@@@Details@12@XZ 000000018000aa20 f i KiwiNativeCameraPlugin.obj
 0001:00009a30       ??I?$ComPtr@UIMFMediaSource@@@WRL@Microsoft@@QEAA?AV?$ComPtrRef@V?$ComPtr@UIMFMediaSource@@@WRL@Microsoft@@@Details@12@XZ 000000018000aa30 f i KiwiNativeCameraPlugin.obj
 0001:00009a40       ??I?$ComPtr@UIMFMediaType@@@WRL@Microsoft@@QEAA?AV?$ComPtrRef@V?$ComPtr@UIMFMediaType@@@WRL@Microsoft@@@Details@12@XZ 000000018000aa40 f i KiwiNativeCameraPlugin.obj
 0001:00009a50       ??I?$ComPtr@UIMFSourceReader@@@WRL@Microsoft@@QEAA?AV?$ComPtrRef@V?$ComPtr@UIMFSourceReader@@@WRL@Microsoft@@@Details@12@XZ 000000018000aa50 f i KiwiNativeCameraPlugin.obj
 0001:00009a60       ??I?$ComPtr@UIMFSourceReaderEx@@@WRL@Microsoft@@QEAA?AV?$ComPtrRef@V?$ComPtr@UIMFSourceReaderEx@@@WRL@Microsoft@@@Details@12@XZ 000000018000aa60 f i KiwiNativeCameraPlugin.obj
 0001:00009b00       ??R<lambda_1>@?1??append@?$basic_string@DU?$char_traits@D@std@@V?$allocator@D@2@@std@@QEAAAEAV23@QEBD_K@Z@QEBA@QEAD0101@Z 000000018000ab00 f i KiwiNativeCameraPlugin.obj
 0001:00009b60       ??R<lambda_1>@?1??assign@?$basic_string@_WU?$char_traits@_W@std@@V?$allocator@_W@2@@std@@QEAAAEAV23@QEB_W_K@Z@QEBA@QEA_W10@Z 000000018000ab60 f i KiwiNativeCameraPlugin.obj
 0001:00009ba0       ??R?$default_delete@V?$tuple@P6AXXZ@std@@@std@@QEBAXPEAV?$tuple@P6AXXZ@1@@Z 000000018000aba0 f i KiwiNativeCameraPlugin.obj
 0001:00009bb0       ??_G?$ComPtr@UIMFActivate@@@WRL@Microsoft@@QEAAPEAXI@Z 000000018000abb0 f i KiwiNativeCameraPlugin.obj
 0001:00009c10       ??_G?$basic_string@_WU?$char_traits@_W@std@@V?$allocator@_W@2@@std@@QEAAPEAXI@Z 000000018000ac10 f i KiwiNativeCameraPlugin.obj
 0001:00009c60       ??_GCameraCallback@kiwi_camera_candidate@@AEAAPEAXI@Z 000000018000ac60 f i KiwiNativeCameraPlugin.obj
 0001:00009cc0       ??_Ebad_alloc@std@@UEAAPEAXI@Z 000000018000acc0 f i KiwiNativeCameraPlugin.obj
 0001:00009cc0       ??_Gbad_alloc@std@@UEAAPEAXI@Z 000000018000acc0 f i KiwiNativeCameraPlugin.obj
 0001:00009d20       ??_Ebad_array_new_length@std@@UEAAPEAXI@Z 000000018000ad20 f i KiwiNativeCameraPlugin.obj
 0001:00009d20       ??_Gbad_array_new_length@std@@UEAAPEAXI@Z 000000018000ad20 f i KiwiNativeCameraPlugin.obj
 0001:00009d80       ??_Eexception@std@@UEAAPEAXI@Z 000000018000ad80 f i KiwiNativeCameraPlugin.obj
 0001:00009d80       ??_Gexception@std@@UEAAPEAXI@Z 000000018000ad80 f i KiwiNativeCameraPlugin.obj
 0001:0000a4c0       ?AddRef@CameraCallback@kiwi_camera_candidate@@UEAAKXZ 000000018000b4c0 f i KiwiNativeCameraPlugin.obj
[...]
 0002:000180a0       $unwind$__GSHandlerCheck   00000001800600a0     MSVCRT:gshandler.obj
 0002:000180a8       $unwind$__GSHandlerCheck_EH4 00000001800600a8     MSVCRT:gshandlereh4.obj
 0002:000180c8       $xdatasym                  00000001800600c8     MSVCRT:amdsecgs.obj
 0002:000180cc       $unwind$??_Gtype_info@@UEAAPEAXI@Z 00000001800600cc     MSVCRT:std_type_info_static.obj
 0002:000180d4       $unwind$?dllmain_crt_process_attach@@YAHQEAUHINSTANCE__@@QEAX@Z 00000001800600d4     MSVCRT:dll_dllmain.obj
 0002:00018118       $unwind$?fin$0@?0??dllmain_crt_process_attach@@YAHQEAUHINSTANCE__@@QEAX@Z@4HA 0000000180060118     MSVCRT:dll_dllmain.obj
 0002:00018120       $unwind$?dllmain_crt_process_detach@@YAH_N@Z 0000000180060120     MSVCRT:dll_dllmain.obj
 0002:0001817c       $unwind$?fin$0@?0??dllmain_crt_process_detach@@YAH_N@Z@4HA 000000018006017c     MSVCRT:dll_dllmain.obj
 0002:00018184       $unwind$?fin$1@?0??dllmain_crt_process_detach@@YAH_N@Z@4HA 0000000180060184     MSVCRT:dll_dllmain.obj
 0002:0001818c       $unwind$?dllmain_crt_dispatch@@YAHQEAUHINSTANCE__@@KQEAX@Z 000000018006018c     MSVCRT:dll_dllmain.obj
 0002:00018194       $unwind$?dllmain_dispatch@@YAHQEAUHINSTANCE__@@KQEAX@Z 0000000180060194     MSVCRT:dll_dllmain.obj
 0002:000181c0       $unwind$?filt$0@?0??dllmain_dispatch@@YAHQEAUHINSTANCE__@@KQEAX@Z@4HA 00000001800601c0     MSVCRT:dll_dllmain.obj
 0002:000181c8       $unwind$_DllMainCRTStartup 00000001800601c8     MSVCRT:dll_dllmain.obj
 0002:000181dc       $unwind$__isa_available_init 00000001800601dc     MSVCRT:cpu_disp.obj
 0002:000181f4       $unwind$__castguard_check_failure_os_handled_wrapper 00000001800601f4     MSVCRT:guard_support.obj
 0002:000181fc       $unwind$__castguard_check_failure_user_handled_wrapper 00000001800601fc     MSVCRT:guard_support.obj
 0002:00018204       $unwind$__castguard_check_failure_os_handled 0000000180060204     MSVCRT:guard_support.obj
 0002:0001820c       $unwind$__castguard_check_failure_user_handled 000000018006020c     MSVCRT:guard_support.obj
 0002:00018214       $unwind$__castguard_slow_path_check_os_handled 0000000180060214     MSVCRT:guard_support.obj
 0002:0001821c       $unwind$__castguard_slow_path_check_user_handled 000000018006021c     MSVCRT:guard_support.obj
 0002:00018224       $unwind$?__scrt_throw_std_bad_alloc@@YAXXZ 0000000180060224     MSVCRT:throw_bad_alloc.obj
 0002:0001822c       $unwind$?__scrt_throw_std_bad_array_new_length@@YAXXZ 000000018006022c     MSVCRT:throw_bad_alloc.obj
 0002:00018234       $unwind$__scrt_get_show_window_mode 0000000180060234     MSVCRT:utility_desktop.obj
 0002:0001823c       $unwind$__scrt_is_managed_app 000000018006023c     MSVCRT:utility_desktop.obj
 0002:00018244       $unwind$__scrt_fastfail    0000000180060244     MSVCRT:utility_desktop.obj
 0002:00018258       $unwind$__scrt_unhandled_exception_filter 0000000180060258     MSVCRT:utility_desktop.obj
 0002:00018268       $unwind$__report_securityfailure 0000000180060268     MSVCRT:gs_report.obj
 0002:00018270       $unwind$__report_securityfailureEx 0000000180060270     MSVCRT:gs_report.obj
 0002:00018278       $unwind$__report_rangecheckfailure 0000000180060278     MSVCRT:gs_report.obj
 0002:00018280       $unwind$__report_gsfailure 0000000180060280     MSVCRT:gs_report.obj
 0002:00018288       $unwind$capture_current_context 0000000180060288     MSVCRT:gs_report.obj
 0002:00018298       $unwind$capture_previous_context 0000000180060298     MSVCRT:gs_report.obj
 0002:000182a8       $unwind$__raise_securityfailure 00000001800602a8     MSVCRT:gs_report.obj
 0002:000182b0       $unwind$__security_init_cookie 00000001800602b0     MSVCRT:gs_support.obj
 0002:000182c0       $unwind$__get_entropy      00000001800602c0     MSVCRT:gs_support.obj
 0002:000182c8       $unwind$DllMain            00000001800602c8     MSVCRT:dll_dllmain_stub.obj
 0002:000182d0       $unwind$__scrt_initialize_default_local_stdio_options 00000001800602d0     MSVCRT:default_local_stdio_options.obj
 0002:000182d8       $unwind$_RTC_Initialize    00000001800602d8     MSVCRT:initsect.obj
 0002:000182e8       $unwind$_RTC_Terminate     00000001800602e8     MSVCRT:initsect.obj
 0002:000182f8       $xdatasym                  00000001800602f8     MSVCRT:guard_dispatch.obj
 0002:00018300       $xdatasym                  0000000180060300     MSVCRT:guard_xfg_dispatch.obj
 0002:00018ab0       .edata                     0000000180060ab0     KiwiNativeCamera.exp
 0002:00018ad8       rgpv                       0000000180060ad8     KiwiNativeCamera.exp
 0002:00018be0       rgszName                   0000000180060be0     KiwiNativeCamera.exp
 0002:00018ce8       rgwOrd                     0000000180060ce8     KiwiNativeCamera.exp
 0002:00018d6c       szName                     0000000180060d6c     KiwiNativeCamera.exp
 0002:00018d81       $N00001                    0000000180060d81     KiwiNativeCamera.exp
 0002:00018db0       $N00002                    0000000180060db0     KiwiNativeCamera.exp
 0002:00018de3       $N00003                    0000000180060de3     KiwiNativeCamera.exp
 0002:00018e09       $N00004                    0000000180060e09     KiwiNativeCamera.exp
 0002:00018e31       $N00005                    0000000180060e31     KiwiNativeCamera.exp
 0002:00018e58       $N00006                    0000000180060e58     KiwiNativeCamera.exp
 0002:00018e85       $N00007                    0000000180060e85     KiwiNativeCamera.exp
 0002:00018eb3       $N00008                    0000000180060eb3     KiwiNativeCamera.exp
 0002:00018ed9       $N00009                    0000000180060ed9     KiwiNativeCamera.exp
 0002:00018efc       $N00010                    0000000180060efc     KiwiNativeCamera.exp
 0002:00018f29       $N00011                    0000000180060f29     KiwiNativeCamera.exp
 0002:00018f57       $N00012                    0000000180060f57     KiwiNativeCamera.exp
 0002:00018f8d       $N00013                    0000000180060f8d     KiwiNativeCamera.exp
 0002:00018fb8       $N00014                    0000000180060fb8     KiwiNativeCamera.exp
 0002:00018fe8       $N00015                    0000000180060fe8     KiwiNativeCamera.exp
 0002:00019011       $N00016                    0000000180061011     KiwiNativeCamera.exp
 0002:0001903c       $N00017                    000000018006103c     KiwiNativeCamera.exp
 0002:0001905e       $N00018                    000000018006105e     KiwiNativeCamera.exp
 0002:00019083       $N00019                    0000000180061083     KiwiNativeCamera.exp
 0002:000190b9       $N00020                    00000001800610b9     KiwiNativeCamera.exp
 0002:000190eb       $N00021                    00000001800610eb     KiwiNativeCamera.exp
 0002:00019127       $N00022                    0000000180061127     KiwiNativeCamera.exp
 0002:00019166       $N00023                    0000000180061166     KiwiNativeCamera.exp
 0002:000191a1       $N00024                    00000001800611a1     KiwiNativeCamera.exp
 0002:000191cc       $N00025                    00000001800611cc     KiwiNativeCamera.exp
 0002:000191f6       $N00026                    00000001800611f6     KiwiNativeCamera.exp
 0002:00019221       $N00027                    0000000180061221     KiwiNativeCamera.exp
 0002:00019253       $N00028                    0000000180061253     KiwiNativeCamera.exp
 0002:00019289       $N00029                    0000000180061289     KiwiNativeCamera.exp
 0002:000192c0       $N00030                    00000001800612c0     KiwiNativeCamera.exp
 0002:000192ea       $N00031                    00000001800612ea     KiwiNativeCamera.exp
 0002:00019313       $N00032                    0000000180061313     KiwiNativeCamera.exp
 0002:0001934b       $N00033                    000000018006134b     KiwiNativeCamera.exp
 0002:00019384       $N00034                    0000000180061384     KiwiNativeCamera.exp
 0002:000193b8       $N00035                    00000001800613b8     KiwiNativeCamera.exp
 0002:000193ed       $N00036                    00000001800613ed     KiwiNativeCamera.exp
 0002:00019417       $N00037                    0000000180061417     KiwiNativeCamera.exp
 0002:0001944c       $N00038                    000000018006144c     KiwiNativeCamera.exp
 0002:00019475       $N00039                    0000000180061475     KiwiNativeCamera.exp
 0002:000194b3       $N00040                    00000001800614b3     KiwiNativeCamera.exp
 0002:000194e2       $N00041                    00000001800614e2     KiwiNativeCamera.exp
 0002:00019507       $N00042                    0000000180061507     KiwiNativeCamera.exp
 0002:0001952f       $N00043                    000000018006152f     KiwiNativeCamera.exp
 0002:0001955f       $N00044                    000000018006155f     KiwiNativeCamera.exp
 0002:0001958a       $N00045                    000000018006158a     KiwiNativeCamera.exp
 0002:000195ba       $N00046                    00000001800615ba     KiwiNativeCamera.exp
 0002:000195db       $N00047                    00000001800615db     KiwiNativeCamera.exp
 0002:000195f6       $N00048                    00000001800615f6     KiwiNativeCamera.exp
 0002:00019625       $N00049                    0000000180061625     KiwiNativeCamera.exp
 0002:0001964d       $N00050                    000000018006164d     KiwiNativeCamera.exp
 0002:00019671       $N00051                    0000000180061671     KiwiNativeCamera.exp
 0002:000196a5       $N00052                    00000001800616a5     KiwiNativeCamera.exp
 0002:000196ca       $N00053                    00000001800616ca     KiwiNativeCamera.exp
 0002:000196f3       $N00054                    00000001800616f3     KiwiNativeCamera.exp
 0002:00019727       $N00055                    0000000180061727     KiwiNativeCamera.exp
 0002:00019750       $N00056                    0000000180061750     KiwiNativeCamera.exp
 0002:0001977d       $N00057                    000000018006177d     KiwiNativeCamera.exp
 0002:000197a8       $N00058                    00000001800617a8     KiwiNativeCamera.exp
 0002:000197c3       $N00059                    00000001800617c3     KiwiNativeCamera.exp
 0002:000197e0       $N00060                    00000001800617e0     KiwiNativeCamera.exp
 0002:0001980e       $N00061                    000000018006180e     KiwiNativeCamera.exp
 0002:00019834       $N00062                    0000000180061834     KiwiNativeCamera.exp
 0002:0001984b       $N00063                    000000018006184b     KiwiNativeCamera.exp
 0002:0001986c       $N00064                    000000018006186c     KiwiNativeCamera.exp
 0002:00019882       $N00065                    0000000180061882     KiwiNativeCamera.exp
 0002:00019892       $N00066                    0000000180061892     KiwiNativeCamera.exp
 0003:00000000       ?g_errorMutex@kiwi_camera_candidate@@3Vmutex@std@@A 0000000180062000     KiwiNativeCameraPlugin.obj
 0003:00000050       ?g_lastErrorMessage@kiwi_camera_candidate@@3V?$basic_string@DU?$char_traits@D@std@@V?$allocator@D@2@@std@@A 0000000180062050     KiwiNativeCameraPlugin.obj
 0003:00000070       ?g_startStopMutex@kiwi_camera_candidate@@3Vmutex@std@@A 0000000180062070     KiwiNativeCameraPlugin.obj
 0003:000000c0       ?g_cpuMutex@kiwi_camera_candidate@@3Vmutex@std@@A 00000001800620c0     KiwiNativeCameraPlugin.obj
 0003:00000110       ?g_gpuMutex@kiwi_camera_candidate@@3Vmutex@std@@A 0000000180062110     KiwiNativeCameraPlugin.obj
 0003:000006e8       ?f@?1??QpcFrequency@kiwi_camera_candidate@@YA_JXZ@4_JB 00000001800626e8     KiwiNativeCameraPlugin.obj
 0003:000006f4       ?$TSS0@?1??QpcFrequency@kiwi_camera_candidate@@YA_JXZ@4HA 00000001800626f4     KiwiNativeCameraPlugin.obj
 0003:00000700       ?g_d3dMultithread@kiwi_camera_candidate@@3V?$ComPtr@UID3D10Multithread@@@WRL@Microsoft@@A 0000000180062700     KiwiNativeCameraPlugin.obj
 0003:00000708       ?g_context11@kiwi_camera_candidate@@3V?$ComPtr@UID3D11DeviceContext@@@WRL@Microsoft@@A 0000000180062708     KiwiNativeCameraPlugin.obj
 0003:00000710       ?g_producerFence11@kiwi_camera_candidate@@3V?$ComPtr@UID3D11Fence@@@WRL@Microsoft@@A 0000000180062710     KiwiNativeCameraPlugin.obj
 0003:00000718       ?g_callback@kiwi_camera_candidate@@3V?$ComPtr@VCameraCallback@kiwi_camera_candidate@@@WRL@Microsoft@@A 0000000180062718     KiwiNativeCameraPlugin.obj
 0003:00000720       ?g_computeShader@kiwi_camera_candidate@@3V?$ComPtr@UID3D11ComputeShader@@@WRL@Microsoft@@A 0000000180062720     KiwiNativeCameraPlugin.obj
 0003:00000728       ?g_device11_5@kiwi_camera_candidate@@3V?$ComPtr@UID3D11Device5@@@WRL@Microsoft@@A 0000000180062728     KiwiNativeCameraPlugin.obj
 0003:00000730       ?g_mediaSource@kiwi_camera_candidate@@3V?$ComPtr@UIMFMediaSource@@@WRL@Microsoft@@A 0000000180062730     KiwiNativeCameraPlugin.obj
 0003:00000738       ?g_colorBuffer@kiwi_camera_candidate@@3V?$ComPtr@UID3D11Buffer@@@WRL@Microsoft@@A 0000000180062738     KiwiNativeCameraPlugin.obj
 0003:00000740       ?g_cpuSlots@kiwi_camera_candidate@@3V?$array@UCpuSlot@kiwi_camera_candidate@@$02@std@@A 0000000180062740     KiwiNativeCameraPlugin.obj
 0003:000007d0       ?g_worker@kiwi_camera_candidate@@3Vthread@std@@A 00000001800627d0     KiwiNativeCameraPlugin.obj
 0003:000007e0       ?g_context11_4@kiwi_camera_candidate@@3V?$ComPtr@UID3D11DeviceContext4@@@WRL@Microsoft@@A 00000001800627e0     KiwiNativeCameraPlugin.obj
 0003:000007e8       ?g_device12@kiwi_camera_candidate@@3V?$ComPtr@UID3D12Device@@@WRL@Microsoft@@A 00000001800627e8     KiwiNativeCameraPlugin.obj
 0003:000007f0       ?g_adapter@kiwi_camera_candidate@@3V?$ComPtr@UIDXGIAdapter1@@@WRL@Microsoft@@A 00000001800627f0     KiwiNativeCameraPlugin.obj
 0003:000007f8       ?g_unityFrameFence@kiwi_camera_candidate@@3V?$ComPtr@UID3D12Fence@@@WRL@Microsoft@@A 00000001800627f8     KiwiNativeCameraPlugin.obj
 0003:00000800       ?g_device11_1@kiwi_camera_candidate@@3V?$ComPtr@UID3D11Device1@@@WRL@Microsoft@@A 0000000180062800     KiwiNativeCameraPlugin.obj
 0003:00000808       ?g_readerAttributes@kiwi_camera_candidate@@3V?$ComPtr@UIMFAttributes@@@WRL@Microsoft@@A 0000000180062808     KiwiNativeCameraPlugin.obj
 0003:00000810       ?g_producerFence12@kiwi_camera_candidate@@3V?$ComPtr@UID3D12Fence@@@WRL@Microsoft@@A 0000000180062810     KiwiNativeCameraPlugin.obj
 0003:00000818       ?g_ingestNv12@kiwi_camera_candidate@@3V?$ComPtr@UID3D11Texture2D@@@WRL@Microsoft@@A 0000000180062818     KiwiNativeCameraPlugin.obj
 0003:00000820       ?g_compatibilityDevice@kiwi_camera_candidate@@3V?$ComPtr@UID3D12CompatibilityDevice@@@WRL@Microsoft@@A 0000000180062820     KiwiNativeCameraPlugin.obj
 0003:00000828       ?g_device11@kiwi_camera_candidate@@3V?$ComPtr@UID3D11Device@@@WRL@Microsoft@@A 0000000180062828     KiwiNativeCameraPlugin.obj
 0003:00000830       ?g_gpuSlots@kiwi_camera_candidate@@3V?$array@UGpuSlot@kiwi_camera_candidate@@$02@std@@A 0000000180062830     KiwiNativeCameraPlugin.obj
 0003:00000950       ?g_reader@kiwi_camera_candidate@@3V?$ComPtr@UIMFSourceReader@@@WRL@Microsoft@@A 0000000180062950     KiwiNativeCameraPlugin.obj
 0003:00000958       ?g_t@kiwi_camera_candidate@@3UTelemetry@1@A 0000000180062958     KiwiNativeCameraPlugin.obj
 0003:00000a88       ?g_lastErrorCode@kiwi_camera_candidate@@3HA 0000000180062a88     KiwiNativeCameraPlugin.obj
 0003:00000a8c       ?g_running@kiwi_camera_candidate@@3U?$atomic@_N@std@@A 0000000180062a8c     KiwiNativeCameraPlugin.obj
 0003:00000a8d       ?g_workerRunning@kiwi_camera_candidate@@3U?$atomic@_N@std@@A 0000000180062a8d     KiwiNativeCameraPlugin.obj
 0003:00000a8e       ?g_unitySupported@kiwi_camera_candidate@@3U?$atomic@_N@std@@A 0000000180062a8e     KiwiNativeCameraPlugin.obj
 0003:00000a8f       ?g_mfStarted@kiwi_camera_candidate@@3U?$atomic@_N@std@@A 0000000180062a8f     KiwiNativeCameraPlugin.obj
 0003:00000a90       ?g_colorMetadata@kiwi_camera_candidate@@3UColorMetadata@1@A 0000000180062a90     KiwiNativeCameraPlugin.obj
 0003:00000aa8       ?g_width@kiwi_camera_candidate@@3IA 0000000180062aa8     KiwiNativeCameraPlugin.obj
 0003:00000aac       ?g_height@kiwi_camera_candidate@@3IA 0000000180062aac     KiwiNativeCameraPlugin.obj
 0003:00000ab0       ?g_colorConstants@kiwi_camera_candidate@@3UColorConstants@1@A 0000000180062ab0     KiwiNativeCameraPlugin.obj
 0003:00000ad0       ?g_fps@kiwi_camera_candidate@@3IA 0000000180062ad0     KiwiNativeCameraPlugin.obj
 0003:00000ad8       ?g_nextSequence@kiwi_camera_candidate@@3U?$atomic@_K@std@@A 0000000180062ad8     KiwiNativeCameraPlugin.obj
 0003:00000ae0       ?g_lastRequestedSequence@kiwi_camera_candidate@@3U?$atomic@_K@std@@A 0000000180062ae0     KiwiNativeCameraPlugin.obj
 0003:00000ae8       ?g_producerFenceValue@kiwi_camera_candidate@@3U?$atomic@_K@std@@A 0000000180062ae8     KiwiNativeCameraPlugin.obj
 0003:00000af0       ?g_previousArrivalTicks@kiwi_camera_candidate@@3U?$atomic@_J@std@@A 0000000180062af0     KiwiNativeCameraPlugin.obj
 0003:00000af8       ?g_previousSampleTimestamp@kiwi_camera_candidate@@3U?$atomic@_J@std@@A 0000000180062af8     KiwiNativeCameraPlugin.obj
 0003:00000b00       ?g_unityInterfaces@kiwi_camera_candidate@@3PEAUIUnityInterfaces@@EA 0000000180062b00     KiwiNativeCameraPlugin.obj
 0003:00000b08       ?g_unityGraphics@kiwi_camera_candidate@@3PEAUIUnityGraphics@@EA 0000000180062b08     KiwiNativeCameraPlugin.obj
 0003:00000b10       ?g_unityD3D12@kiwi_camera_candidate@@3PEAUIUnityGraphicsD3D12v6@@EA 0000000180062b10     KiwiNativeCameraPlugin.obj
 0003:00000b20       ?g_cpuCv@kiwi_camera_candidate@@3Vcondition_variable@std@@A 0000000180062b20     KiwiNativeCameraPlugin.obj
 0003:00000c60       ?is_initialized_as_dll@@3_NA 0000000180062c60     MSVCRT:utility.obj
 0003:00000c61       ?module_local_atexit_table_initialized@@3_NA 0000000180062c61     MSVCRT:utility.obj
 0003:00000c68       ?module_local_atexit_table@@3U_onexit_table_t@@A 0000000180062c68     MSVCRT:utility.obj
 0003:00000c80       ?module_local_at_quick_exit_table@@3U_onexit_table_t@@A 0000000180062c80     MSVCRT:utility.obj
 0003:00000ca8       ?g_tss_cv@@3U_RTL_CONDITION_VARIABLE@@A 0000000180062ca8     MSVCRT:thread_safe_statics.obj
 0003:00000cb0       ?g_tss_srw@@3U_RTL_SRWLOCK@@A 0000000180062cb0     MSVCRT:thread_safe_statics.obj
 0003:00000cc0       ?__proc_attached@@3HA      0000000180062cc0     MSVCRT:dll_dllmain.obj
 0003:00000ce0       GS_ExceptionRecord         0000000180062ce0     MSVCRT:gs_report.obj
 0003:00000d80       GS_ContextRecord           0000000180062d80     MSVCRT:gs_report.obj
 0005:000011e6       .idata$6                   00000001800681e6     msvcprt:MSVCP140.dll
 0005:0000120a       .idata$6                   000000018006820a     mf:MF.dll
 0005:00001242       .idata$6                   0000000180068242     mfplat:MFPlat.DLL
 0005:00001274       .idata$6                   0000000180068274     mfreadwrite:MFReadWrite.dll
 0005:00001294       .idata$6                   0000000180068294     ole32:ole32.dll
 0005:000012b2       .idata$6                   00000001800682b2     d3d11:d3d11.dll
 0005:000012d2       .idata$6                   00000001800682d2     dxgi:dxgi.dll
 0005:000012ea       .idata$6                   00000001800682ea     d3dcompiler:D3DCOMPILER_47.dll
 0005:00001536       .idata$6                   0000000180068536     kernel32:KERNEL32.dll
 0005:00001652       .idata$6                   0000000180068652     vcruntime:VCRUNTIME140.dll
 0005:00001664       .idata$6                   0000000180068664     vcruntime:VCRUNTIME140_1.dll
 0005:000017f4       .idata$6                   00000001800687f4     ucrt:api-ms-win-crt-runtime-l1-1-0.dll
 0005:00001816       .idata$6                   0000000180068816     ucrt:api-ms-win-crt-string-l1-1-0.dll
 0005:00001838       .idata$6                   0000000180068838     ucrt:api-ms-win-crt-stdio-l1-1-0.dll
 0005:00001858       .idata$6                   0000000180068858     ucrt:api-ms-win-crt-heap-l1-1-0.dll
